Archive member included because of file (symbol)

c:/altera/12.1sp1/nios2eds/bin/gnu/h-i686-mingw32/bin/../lib/gcc/nios2-elf/4.1.2/../../../../nios2-elf/lib\libc.a(lib_a-memcpy.o)
                              obj/default//H/Workspace/ARC2/TP8/graphlib.o (memcpy)
BSP/\libhal_bsp.a(alt_irq_register.o)
                              obj/default//H/Workspace/ARC2/TP8/main.o (alt_irq_register)
BSP/\libhal_bsp.a(alt_irq_vars.o)
                              BSP/\libhal_bsp.a(alt_irq_register.o) (alt_irq_active)
BSP/\libhal_bsp.a(alt_load.o)
                              BSP//obj/HAL/src/crt0.o (alt_load)
BSP/\libhal_bsp.a(alt_main.o)
                              BSP//obj/HAL/src/crt0.o (alt_main)
BSP/\libhal_bsp.a(alt_printf.o)
                              obj/default//H/Workspace/ARC2/TP8/init.o (alt_printf)
BSP/\libhal_bsp.a(alt_putchar.o)
                              BSP/\libhal_bsp.a(alt_printf.o) (alt_putchar)
BSP/\libhal_bsp.a(alt_sys_init.o)
                              BSP/\libhal_bsp.a(alt_main.o) (alt_irq_init)
BSP/\libhal_bsp.a(altera_avalon_jtag_uart_fd.o)
                              BSP/\libhal_bsp.a(alt_sys_init.o) (altera_avalon_jtag_uart_ioctl_fd)
BSP/\libhal_bsp.a(altera_avalon_jtag_uart_init.o)
                              BSP/\libhal_bsp.a(altera_avalon_jtag_uart_fd.o) (altera_avalon_jtag_uart_close)
BSP/\libhal_bsp.a(altera_avalon_jtag_uart_ioctl.o)
                              BSP/\libhal_bsp.a(altera_avalon_jtag_uart_fd.o) (altera_avalon_jtag_uart_ioctl)
BSP/\libhal_bsp.a(altera_avalon_jtag_uart_read.o)
                              BSP/\libhal_bsp.a(altera_avalon_jtag_uart_fd.o) (altera_avalon_jtag_uart_read)
BSP/\libhal_bsp.a(altera_avalon_jtag_uart_write.o)
                              BSP/\libhal_bsp.a(altera_avalon_jtag_uart_fd.o) (altera_avalon_jtag_uart_write)
BSP/\libhal_bsp.a(altera_avalon_timer_sc.o)
                              BSP/\libhal_bsp.a(alt_sys_init.o) (alt_avalon_timer_sc_init)
BSP/\libhal_bsp.a(altera_up_avalon_character_lcd.o)
                              BSP/\libhal_bsp.a(alt_sys_init.o) (alt_up_character_lcd_write_fd)
BSP/\libhal_bsp.a(altera_up_avalon_ps2.o)
                              obj/default//H/Workspace/ARC2/TP8/mouse.o (alt_up_ps2_open_dev)
BSP/\libhal_bsp.a(altera_up_avalon_rs232.o)
                              BSP/\libhal_bsp.a(alt_sys_init.o) (alt_up_rs232_read_fd)
BSP/\libhal_bsp.a(altera_up_avalon_video_character_buffer_with_dma.o)
                              BSP/\libhal_bsp.a(alt_sys_init.o) (alt_up_char_buffer_init)
BSP/\libhal_bsp.a(altera_up_avalon_video_pixel_buffer_dma.o)
                              obj/default//H/Workspace/ARC2/TP8/graphlib.o (alt_up_pixel_buffer_dma_clear_screen)
BSP/\libhal_bsp.a(alt_alarm_start.o)
                              BSP/\libhal_bsp.a(altera_avalon_jtag_uart_init.o) (alt_alarm_start)
BSP/\libhal_bsp.a(alt_close.o)
                              BSP/\libhal_bsp.a(alt_main.o) (close)
BSP/\libhal_bsp.a(alt_dcache_flush_all.o)
                              BSP/\libhal_bsp.a(alt_load.o) (alt_dcache_flush_all)
BSP/\libhal_bsp.a(alt_dev.o)  BSP/\libhal_bsp.a(alt_sys_init.o) (alt_dev_list)
BSP/\libhal_bsp.a(alt_dev_llist_insert.o)
                              BSP/\libhal_bsp.a(alt_sys_init.o) (alt_dev_llist_insert)
BSP/\libhal_bsp.a(alt_errno.o)
                              BSP/\libhal_bsp.a(alt_close.o) (alt_errno)
BSP/\libhal_bsp.a(alt_find_dev.o)
                              BSP/\libhal_bsp.a(altera_up_avalon_character_lcd.o) (alt_find_dev)
BSP/\libhal_bsp.a(alt_icache_flush_all.o)
                              BSP/\libhal_bsp.a(alt_load.o) (alt_icache_flush_all)
BSP/\libhal_bsp.a(alt_io_redirect.o)
                              BSP/\libhal_bsp.a(alt_main.o) (alt_io_redirect)
BSP/\libhal_bsp.a(alt_irq_entry.o)
                              BSP/\libhal_bsp.a(alt_irq_register.o) (alt_irq_entry)
BSP/\libhal_bsp.a(alt_irq_handler.o)
                              BSP/\libhal_bsp.a(alt_irq_register.o) (alt_irq_handler)
BSP/\libhal_bsp.a(alt_open.o)
                              BSP/\libhal_bsp.a(alt_io_redirect.o) (open)
BSP/\libhal_bsp.a(alt_release_fd.o)
                              BSP/\libhal_bsp.a(alt_close.o) (alt_release_fd)
BSP/\libhal_bsp.a(alt_tick.o)
                              BSP/\libhal_bsp.a(altera_avalon_timer_sc.o) (alt_tick)
BSP/\libhal_bsp.a(altera_nios2_qsys_irq.o)
                              BSP/\libhal_bsp.a(alt_sys_init.o) (altera_nios2_qsys_irq_init)
BSP/\libhal_bsp.a(alt_exception_entry.o)
                              BSP/\libhal_bsp.a(alt_irq_entry.o) (alt_exception)
BSP/\libhal_bsp.a(alt_find_file.o)
                              BSP/\libhal_bsp.a(alt_open.o) (alt_find_file)
BSP/\libhal_bsp.a(alt_get_fd.o)
                              BSP/\libhal_bsp.a(alt_open.o) (alt_get_fd)
BSP/\libhal_bsp.a(alt_icache_flush.o)
                              BSP/\libhal_bsp.a(alt_icache_flush_all.o) (alt_icache_flush)
[...]
Memory Configuration

Name             Origin             Length             Attributes
reset            0x00000000         0x00000020
SDRAM            0x00000020         0x007fffe0
*default*        0x00000000         0xffffffff

Linker script and memory map

LOAD BSP//obj/HAL/src/crt0.o
LOAD obj/default//H/Workspace/ARC2/TP8/graphlib.o
LOAD obj/default//H/Workspace/ARC2/TP8/init.o
LOAD obj/default//H/Workspace/ARC2/TP8/main.o
LOAD obj/default//H/Workspace/ARC2/TP8/mouse.o
LOAD c:/altera/12.1sp1/nios2eds/bin/gnu/h-i686-mingw32/bin/../lib/gcc/nios2-elf/4.1.2/../../../../nios2-elf/lib\libstdc++.a
LOAD c:/altera/12.1sp1/nios2eds/bin/gnu/h-i686-mingw32/bin/../lib/gcc/nios2-elf/4.1.2/../../../../nios2-elf/lib\libm.a
LOAD c:/altera/12.1sp1/nios2eds/bin/gnu/h-i686-mingw32/bin/../lib/gcc/nios2-elf/4.1.2\libgcc.a
START GROUP
LOAD c:/altera/12.1sp1/nios2eds/bin/gnu/h-i686-mingw32/bin/../lib/gcc/nios2-elf/4.1.2/../../../../nios2-elf/lib\libc.a
LOAD c:/altera/12.1sp1/nios2eds/bin/gnu/h-i686-mingw32/bin/../lib/gcc/nios2-elf/4.1.2\libgcc.a
LOAD BSP/\libhal_bsp.a
END GROUP
LOAD c:/altera/12.1sp1/nios2eds/bin/gnu/h-i686-mingw32/bin/../lib/gcc/nios2-elf/4.1.2\libgcc.a
                0x00000000                __alt_mem_SDRAM = 0x0

.entry          0x00000000       0x20
 *(.entry)
 .entry         0x00000000       0x20 BSP//obj/HAL/src/crt0.o
                0x00000000                __reset

.exceptions     0x00000020      0x148
                0x00000020                PROVIDE (__ram_exceptions_start, ABSOLUTE (.))
                0x00000020                . = ALIGN (0x20)
 *(.irq)
 *(.exceptions.entry.label)
 .exceptions.entry.label
                0x00000020        0x0 BSP/\libhal_bsp.a(alt_irq_entry.o)
                0x00000020                alt_irq_entry
 .exceptions.entry.label
                0x00000020        0x0 BSP/\libhal_bsp.a(alt_exception_entry.o)
                0x00000020                alt_exception
 *(.exceptions.entry.user)
 *(.exceptions.entry)
 .exceptions.entry
                0x00000020       0x54 BSP/\libhal_bsp.a(alt_exception_entry.o)
 *(.exceptions.irqtest.user)
 *(.exceptions.irqtest)
 .exceptions.irqtest
                0x00000074       0x10 BSP/\libhal_bsp.a(alt_irq_entry.o)
 *(.exceptions.irqhandler.user)
 *(.exceptions.irqhandler)
 .exceptions.irqhandler
                0x00000084        0x4 BSP/\libhal_bsp.a(alt_irq_entry.o)
 *(.exceptions.irqreturn.user)
 *(.exceptions.irqreturn)
 .exceptions.irqreturn
                0x00000088        0x4 BSP/\libhal_bsp.a(alt_irq_entry.o)
 *(.exceptions.notirq.label)
 .exceptions.notirq.label
                0x0000008c        0x0 BSP/\libhal_bsp.a(alt_irq_entry.o)
 *(.exceptions.notirq.user)
 *(.exceptions.notirq)
 .exceptions.notirq
                0x0000008c        0x8 BSP/\libhal_bsp.a(alt_exception_entry.o)
 *(.exceptions.soft.user)
 *(.exceptions.soft)
 *(.exceptions.unknown.user)
 *(.exceptions.unknown)
 .exceptions.unknown
                0x00000094        0x4 BSP/\libhal_bsp.a(alt_exception_entry.o)
 *(.exceptions.exit.label)
 .exceptions.exit.label
                0x00000098        0x0 BSP/\libhal_bsp.a(alt_irq_entry.o)
 .exceptions.exit.label
                0x00000098        0x0 BSP/\libhal_bsp.a(alt_exception_entry.o)
 *(.exceptions.exit.user)
 *(.exceptions.exit)
 .exceptions.exit
                0x00000098       0x54 BSP/\libhal_bsp.a(alt_exception_entry.o)
 *(.exceptions)
 .exceptions    0x000000ec       0x7c BSP/\libhal_bsp.a(alt_irq_handler.o)
                0x000000ec                alt_irq_handler
                0x00000168                PROVIDE (__ram_exceptions_end, ABSOLUTE (.))
                0x00000020                PROVIDE (__flash_exceptions_start, LOADADDR (.exceptions))

.text           0x00000168     0x569c
                0x00000168                PROVIDE (stext, ABSOLUTE (.))
 *(.interp)
 *(.hash)
 *(.dynsym)
 *(.dynstr)
 *(.gnu.version)
 *(.gnu.version_d)
 *(.gnu.version_r)
 *(.rel.init)
 *(.rela.init)
 *(.rel.text .rel.text.* .rel.gnu.linkonce.t.*)
 *(.rela.text .rela.text.* .rela.gnu.linkonce.t.*)
 *(.rel.fini)
 *(.rela.fini)
 *(.rel.rodata .rel.rodata.* .rel.gnu.linkonce.r.*)
 *(.rela.rodata .rela.rodata.* .rela.gnu.linkonce.r.*)
 *(.rel.data .rel.data.* .rel.gnu.linkonce.d.*)
 *(.rela.data .rela.data.* .rela.gnu.linkonce.d.*)
 *(.rel.tdata .rel.tdata.* .rel.gnu.linkonce.td.*)
 *(.rela.tdata .rela.tdata.* .rela.gnu.linkonce.td.*)
 *(.rel.tbss .rel.tbss.* .rel.gnu.linkonce.tb.*)
 *(.rela.tbss .rela.tbss.* .rela.gnu.linkonce.tb.*)
 *(.rel.ctors)
 *(.rela.ctors)
 *(.rel.dtors)
 *(.rela.dtors)
 *(.rel.got)
 *(.rela.got)
 *(.rel.sdata .rel.sdata.* .rel.gnu.linkonce.s.*)
 *(.rela.sdata .rela.sdata.* .rela.gnu.linkonce.s.*)
 *(.rel.sbss .rel.sbss.* .rel.gnu.linkonce.sb.*)
 *(.rela.sbss .rela.sbss.* .rela.gnu.linkonce.sb.*)
 *(.rel.sdata2 .rel.sdata2.* .rel.gnu.linkonce.s2.*)
 *(.rela.sdata2 .rela.sdata2.* .rela.gnu.linkonce.s2.*)
 *(.rel.sbss2 .rel.sbss2.* .rel.gnu.linkonce.sb2.*)
 *(.rela.sbss2 .rela.sbss2.* .rela.gnu.linkonce.sb2.*)
 *(.rel.bss .rel.bss.* .rel.gnu.linkonce.b.*)
 *(.rela.bss .rela.bss.* .rela.gnu.linkonce.b.*)
 *(.rel.plt)
 *(.rela.plt)
 *(.rel.dyn)
 *(.init)
 *(.plt)
 *(.text .stub .text.* .gnu.linkonce.t.*)
 .text          0x00000168       0x3c BSP//obj/HAL/src/crt0.o
                0x00000168                _start
 .text          0x000001a4      0x20c obj/default//H/Workspace/ARC2/TP8/graphlib.o
                0x000001a4                rgb
                0x000001cc                draw_image
                0x000002e4                clear_screen
                0x00000304                put_pixel
                0x00000348                swap_buffers
                0x00000370                init_graph
 .text          0x000003b0       0x50 obj/default//H/Workspace/ARC2/TP8/init.o
                0x000003b0                init
 .text          0x00000400      0x318 obj/default//H/Workspace/ARC2/TP8/main.o
                0x00000400                tick
                0x000004dc                activer_interruption
                0x000004f4                activer_interruptions
                0x00000504                draw_piou
                0x000005b0                main
                0x0000066c                draw_cursor
 .text          0x00000718      0x1bc obj/default//H/Workspace/ARC2/TP8/mouse.o
                0x00000718                init_mouse
 .text          0x000008d4       0xa0 c:/altera/12.1sp1/nios2eds/bin/gnu/h-i686-mingw32/bin/../lib/gcc/nios2-elf/4.1.2/../../../../nios2-elf/lib\libc.a(lib_a-memcpy.o)
                0x000008d4                memcpy
 .text          0x00000974       0xbc BSP/\libhal_bsp.a(alt_irq_register.o)
                0x00000974                alt_irq_register
 .text          0x00000a30        0x0 BSP/\libhal_bsp.a(alt_irq_vars.o)
 .text          0x00000a30       0xc4 BSP/\libhal_bsp.a(alt_load.o)
                0x00000a30                alt_load
 .text          0x00000af4       0x50 BSP/\libhal_bsp.a(alt_main.o)
                0x00000af4                alt_main
 .text          0x00000b44      0x1dc BSP/\libhal_bsp.a(alt_printf.o)
                0x00000b44                alt_printf
 .text          0x00000d20       0x28 BSP/\libhal_bsp.a(alt_putchar.o)
                0x00000d20                alt_putchar
 .text          0x00000d48      0x2cc BSP/\libhal_bsp.a(alt_sys_init.o)
                0x00000d48                alt_irq_init
                0x00000d68                alt_sys_init
 .text          0x00001014       0x98 BSP/\libhal_bsp.a(altera_avalon_jtag_uart_fd.o)
                0x00001014                altera_avalon_jtag_uart_ioctl_fd
                0x00001034                altera_avalon_jtag_uart_close_fd
                0x0000105c                altera_avalon_jtag_uart_write_fd
                0x00001084                altera_avalon_jtag_uart_read_fd
 .text          0x000010ac      0x238 BSP/\libhal_bsp.a(altera_avalon_jtag_uart_init.o)
                0x000010ac                altera_avalon_jtag_uart_close
                0x00001138                altera_avalon_jtag_uart_init
 .text          0x000012e4       0x74 BSP/\libhal_bsp.a(altera_avalon_jtag_uart_ioctl.o)
                0x000012e4                altera_avalon_jtag_uart_ioctl
 .text          0x00001358      0x168 BSP/\libhal_bsp.a(altera_avalon_jtag_uart_read.o)
                0x00001358                altera_avalon_jtag_uart_read
 .text          0x000014c0      0x17c BSP/\libhal_bsp.a(altera_avalon_jtag_uart_write.o)
                0x000014c0                altera_avalon_jtag_uart_write
 .text          0x0000163c       0x80 BSP/\libhal_bsp.a(altera_avalon_timer_sc.o)
                0x0000163c                alt_avalon_timer_sc_init
 .text          0x000016bc      0x30c BSP/\libhal_bsp.a(altera_up_avalon_character_lcd.o)
                0x000016bc                get_DDRAM_addr
                0x000016d8                alt_up_character_lcd_string
                0x00001724                alt_up_character_lcd_write
                0x00001750                alt_up_character_lcd_write_fd
                0x00001770                alt_up_character_lcd_init
                0x00001780                alt_up_character_lcd_send_cmd
                0x00001790                alt_up_character_lcd_cursor_blink_on
                0x000017ac                alt_up_character_lcd_cursor_off
                0x000017c8                alt_up_character_lcd_erase_pos
                0x00001834                alt_up_character_lcd_shift_display
                0x000018c4                alt_up_character_lcd_shift_cursor
                0x00001954                alt_up_character_lcd_set_cursor_pos
                0x000019a8                alt_up_character_lcd_open_dev
 .text          0x000019c8      0x388 BSP/\libhal_bsp.a(altera_up_avalon_ps2.o)
                0x000019c8                read_RI_bit
                0x000019d4                read_RE_bit
                0x000019dc                read_CE_bit
                0x000019e8                read_num_bytes_available
                0x000019f0                read_data_valid
                0x000019fc                read_data_byte
                0x00001a04                alt_up_ps2_open_dev
                0x00001a24                alt_up_ps2_clear_fifo
                0x00001a54                alt_up_ps2_read_data_byte
                0x00001aac                alt_up_ps2_read_data_byte_timeout
                0x00001b2c                alt_up_ps2_read_fd
                0x00001b54                alt_up_ps2_wait_for_ack
                0x00001bb0                alt_up_ps2_write_data_byte
                0x00001bf0                alt_up_ps2_write_fd
                0x00001c60                alt_up_ps2_write_data_byte_with_ack
                0x00001c94                alt_up_ps2_init
                0x00001d1c                alt_up_ps2_disable_read_interrupt
                0x00001d38                alt_up_ps2_enable_read_interrupt
 .text          0x00001d50      0x1d4 BSP/\libhal_bsp.a(altera_up_avalon_rs232.o)
                0x00001d50                alt_up_rs232_check_parity
                0x00001d5c                alt_up_rs232_open_dev
                0x00001d7c                alt_up_rs232_read_data
                0x00001dc8                alt_up_rs232_read_fd
                0x00001e48                alt_up_rs232_get_available_space_in_write_FIFO
                0x00001e58                alt_up_rs232_write_data
                0x00001e70                alt_up_rs232_write_fd
                0x00001ee0                alt_up_rs232_disable_read_interrupt
                0x00001efc                alt_up_rs232_enable_read_interrupt
                0x00001f14                alt_up_rs232_get_used_space_in_read_FIFO
 .text          0x00001f24      0x178 BSP/\libhal_bsp.a(altera_up_avalon_video_character_buffer_with_dma.o)
                0x00001f24                alt_up_char_buffer_string
                0x00001fac                alt_up_char_buffer_draw
                0x00002004                alt_up_char_buffer_clear
                0x0000202c                alt_up_char_buffer_open_dev
                0x0000204c                alt_up_char_buffer_init
 .text          0x0000209c      0xa50 BSP/\libhal_bsp.a(altera_up_avalon_video_pixel_buffer_dma.o)
                0x0000209c                helper_plot_pixel
                0x000020f8                alt_up_pixel_buffer_dma_draw_line
                0x000022e4                alt_up_pixel_buffer_dma_draw_vline
                0x00002478                alt_up_pixel_buffer_dma_draw_hline
                0x000025ec                alt_up_pixel_buffer_dma_draw_rectangle
                0x000026bc                alt_up_pixel_buffer_dma_draw_box
                0x00002900                alt_up_pixel_buffer_dma_clear_screen
                0x000029b4                alt_up_pixel_buffer_dma_swap_buffers
                0x000029d8                alt_up_pixel_buffer_dma_draw
                0x00002a94                alt_up_pixel_buffer_dma_check_swap_buffers_status
                0x00002aa4                alt_up_pixel_buffer_dma_change_back_buffer_address
                0x00002acc                alt_up_pixel_buffer_dma_open_dev
 .text          0x00002aec       0x94 BSP/\libhal_bsp.a(alt_alarm_start.o)
                0x00002aec                alt_alarm_start
 .text          0x00002b80       0xdc BSP/\libhal_bsp.a(alt_close.o)
                0x00002b80                close
 .text          0x00002c5c        0x4 BSP/\libhal_bsp.a(alt_dcache_flush_all.o)
                0x00002c5c                alt_dcache_flush_all
 .text          0x00002c60        0x8 BSP/\libhal_bsp.a(alt_dev.o)
 .text          0x00002c68       0x70 BSP/\libhal_bsp.a(alt_dev_llist_insert.o)
                0x00002c68                alt_dev_llist_insert
 .text          0x00002cd8        0x0 BSP/\libhal_bsp.a(alt_errno.o)
 .text          0x00002cd8       0x70 BSP/\libhal_bsp.a(alt_find_dev.o)
                0x00002cd8                alt_find_dev
 .text          0x00002d48       0x20 BSP/\libhal_bsp.a(alt_icache_flush_all.o)
                0x00002d48                alt_icache_flush_all
 .text          0x00002d68       0xfc BSP/\libhal_bsp.a(alt_io_redirect.o)
                0x00002dcc                alt_io_redirect
 .text          0x00002e64        0x0 BSP/\libhal_bsp.a(alt_irq_entry.o)
 .text          0x00002e64        0x0 BSP/\libhal_bsp.a(alt_irq_handler.o)
 .text          0x00002e64      0x17c BSP/\libhal_bsp.a(alt_open.o)
                0x00002e64                open
 .text          0x00002fe0       0x24 BSP/\libhal_bsp.a(alt_release_fd.o)
                0x00002fe0                alt_release_fd
 .text          0x00003004       0xe0 BSP/\libhal_bsp.a(alt_tick.o)
                0x00003004                alt_alarm_stop
                0x00003038                alt_tick
 .text          0x000030e4        0x8 BSP/\libhal_bsp.a(altera_nios2_qsys_irq.o)
                0x000030e4                altera_nios2_qsys_irq_init
 .text          0x000030ec        0x0 BSP/\libhal_bsp.a(alt_exception_entry.o)
 .text          0x000030ec       0xbc BSP/\libhal_bsp.a(alt_find_file.o)
                0x000030ec                alt_find_file
 .text          0x000031a8       0x6c BSP/\libhal_bsp.a(alt_get_fd.o)
                0x000031a8                alt_get_fd
 .text          0x00003214       0x3c BSP/\libhal_bsp.a(alt_icache_flush.o)
                0x00003214                alt_icache_flush
 .text          0x00003250       0x38 c:/altera/12.1sp1/nios2eds/bin/gnu/h-i686-mingw32/bin/../lib/gcc/nios2-elf/4.1.2/../../../../nios2-elf/lib\libc.a(lib_a-exit.o)
                0x00003250                exit
 .text          0x00003288        0x0 c:/altera/12.1sp1/nios2eds/bin/gnu/h-i686-mingw32/bin/../lib/gcc/nios2-elf/4.1.2/../../../../nios2-elf/lib\libc.a(lib_a-impure.o)
 .text          0x00003288        0x0 c:/altera/12.1sp1/nios2eds/bin/gnu/h-i686-mingw32/bin/../lib/gcc/nios2-elf/4.1.2/../../../../nios2-elf/lib\libc.a(lib_a-int_errno.o)
 .text          0x00003288       0x74 c:/altera/12.1sp1/nios2eds/bin/gnu/h-i686-mingw32/bin/../lib/gcc/nios2-elf/4.1.2/../../../../nios2-elf/lib\libc.a(lib_a-memcmp.o)
                0x00003288                memcmp
 .text          0x000032fc      0x1ec c:/altera/12.1sp1/nios2eds/bin/gnu/h-i686-mingw32/bin/../lib/gcc/nios2-elf/4.1.2/../../../../nios2-elf/lib\libc.a(lib_a-putc.o)
                0x000032fc                putc
                0x00003400                _putc_r
 .text          0x000034e8       0xbc c:/altera/12.1sp1/nios2eds/bin/gnu/h-i686-mingw32/bin/../lib/gcc/nios2-elf/4.1.2/../../../../nios2-elf/lib\libc.a(lib_a-strcmp.o)
                0x000034e8                strcmp
 .text          0x000035a4       0x74 c:/altera/12.1sp1/nios2eds/bin/gnu/h-i686-mingw32/bin/../lib/gcc/nios2-elf/4.1.2/../../../../nios2-elf/lib\libc.a(lib_a-strlen.o)
                0x000035a4                strlen
 .text          0x00003618      0x14c c:/altera/12.1sp1/nios2eds/bin/gnu/h-i686-mingw32/bin/../lib/gcc/nios2-elf/4.1.2/../../../../nios2-elf/lib\libc.a(lib_a-wbuf.o)
                0x00003618                __swbuf_r
                0x00003748                __swbuf
 .text          0x00003764      0x13c c:/altera/12.1sp1/nios2eds/bin/gnu/h-i686-mingw32/bin/../lib/gcc/nios2-elf/4.1.2/../../../../nios2-elf/lib\libc.a(lib_a-wsetup.o)
                0x00003764                __swsetup_r
 .text          0x000038a0      0x1b4 c:/altera/12.1sp1/nios2eds/bin/gnu/h-i686-mingw32/bin/../lib/gcc/nios2-elf/4.1.2/../../../../nios2-elf/lib\libc.a(lib_a-__call_atexit.o)
                0x000038a4                __call_exitprocs
 .text          0x00003a54      0x230 c:/altera/12.1sp1/nios2eds/bin/gnu/h-i686-mingw32/bin/../lib/gcc/nios2-elf/4.1.2/../../../../nios2-elf/lib\libc.a(lib_a-fflush.o)
                0x00003a54                _fflush_r
                0x00003c50                fflush
 .text          0x00003c84      0x2c0 c:/altera/12.1sp1/nios2eds/bin/gnu/h-i686-mingw32/bin/../lib/gcc/nios2-elf/4.1.2/../../../../nios2-elf/lib\libc.a(lib_a-findfp.o)
                0x00003cdc                __sfp_lock_acquire
                0x00003ce0                __sfp_lock_release
                0x00003ce4                __sinit_lock_acquire
                0x00003ce8                __sinit_lock_release
                0x00003cec                __sinit
                0x00003da0                __fp_unlock_all
                0x00003db8                __fp_lock_all
                0x00003dd0                _cleanup_r
                0x00003ddc                _cleanup
                0x00003dec                __sfmoreglue
                0x00003e54                __sfp
 .text          0x00003f44      0x440 c:/altera/12.1sp1/nios2eds/bin/gnu/h-i686-mingw32/bin/../lib/gcc/nios2-elf/4.1.2/../../../../nios2-elf/lib\libc.a(lib_a-freer.o)
                0x00003f44                _malloc_trim_r
                0x00004070                _free_r
 .text          0x00004384      0x180 c:/altera/12.1sp1/nios2eds/bin/gnu/h-i686-mingw32/bin/../lib/gcc/nios2-elf/4.1.2/../../../../nios2-elf/lib\libc.a(lib_a-fwalk.o)
                0x00004384                _fwalk_reent
                0x0000444c                _fwalk
 .text          0x00004504      0x194 c:/altera/12.1sp1/nios2eds/bin/gnu/h-i686-mingw32/bin/../lib/gcc/nios2-elf/4.1.2/../../../../nios2-elf/lib\libc.a(lib_a-makebuf.o)
                0x00004504                __smakebuf_r
 .text          0x00004698      0x740 c:/altera/12.1sp1/nios2eds/bin/gnu/h-i686-mingw32/bin/../lib/gcc/nios2-elf/4.1.2/../../../../nios2-elf/lib\libc.a(lib_a-mallocr.o)
                0x00004698                _malloc_r
 .text          0x00004dd8       0x98 c:/altera/12.1sp1/nios2eds/bin/gnu/h-i686-mingw32/bin/../lib/gcc/nios2-elf/4.1.2/../../../../nios2-elf/lib\libc.a(lib_a-memset.o)
                0x00004dd8                memset
 .text          0x00004e70       0x70 c:/altera/12.1sp1/nios2eds/bin/gnu/h-i686-mingw32/bin/../lib/gcc/nios2-elf/4.1.2/../../../../nios2-elf/lib\libc.a(lib_a-sbrkr.o)
                0x00004e70                _sbrk_r
 .text          0x00004ee0      0x14c c:/altera/12.1sp1/nios2eds/bin/gnu/h-i686-mingw32/bin/../lib/gcc/nios2-elf/4.1.2/../../../../nios2-elf/lib\libc.a(lib_a-stdio.o)
                0x00004ee0                __sclose
                0x00004ee8                __sseek
                0x00004f50                __swrite
                0x00004fcc                __sread
 .text          0x0000502c       0x78 c:/altera/12.1sp1/nios2eds/bin/gnu/h-i686-mingw32/bin/../lib/gcc/nios2-elf/4.1.2/../../../../nios2-elf/lib\libc.a(lib_a-writer.o)
                0x0000502c                _write_r
 .text          0x000050a4       0x70 c:/altera/12.1sp1/nios2eds/bin/gnu/h-i686-mingw32/bin/../lib/gcc/nios2-elf/4.1.2/../../../../nios2-elf/lib\libc.a(lib_a-closer.o)
                0x000050a4                _close_r
 .text          0x00005114      0x124 c:/altera/12.1sp1/nios2eds/bin/gnu/h-i686-mingw32/bin/../lib/gcc/nios2-elf/4.1.2/../../../../nios2-elf/lib\libc.a(lib_a-fclose.o)
                0x00005114                _fclose_r
                0x00005224                fclose
 .text          0x00005238       0x74 c:/altera/12.1sp1/nios2eds/bin/gnu/h-i686-mingw32/bin/../lib/gcc/nios2-elf/4.1.2/../../../../nios2-elf/lib\libc.a(lib_a-fstatr.o)
                0x00005238                _fstat_r
 .text          0x000052ac       0x70 c:/altera/12.1sp1/nios2eds/bin/gnu/h-i686-mingw32/bin/../lib/gcc/nios2-elf/4.1.2/../../../../nios2-elf/lib\libc.a(lib_a-isattyr.o)
                0x000052ac                _isatty_r
 .text          0x0000531c       0x78 c:/altera/12.1sp1/nios2eds/bin/gnu/h-i686-mingw32/bin/../lib/gcc/nios2-elf/4.1.2/../../../../nios2-elf/lib\libc.a(lib_a-lseekr.o)
                0x0000531c                _lseek_r
 .text          0x00005394       0x78 c:/altera/12.1sp1/nios2eds/bin/gnu/h-i686-mingw32/bin/../lib/gcc/nios2-elf/4.1.2/../../../../nios2-elf/lib\libc.a(lib_a-readr.o)
                0x00005394                _read_r
 .text          0x0000540c       0x14 BSP/\libhal_bsp.a(alt_exit.o)
                0x0000540c                _exit
 .text          0x00005420       0x80 BSP/\libhal_bsp.a(alt_fstat.o)
                0x00005420                fstat
 .text          0x000054a0       0x84 BSP/\libhal_bsp.a(alt_isatty.o)
                0x000054a0                isatty
 .text          0x00005524       0x98 BSP/\libhal_bsp.a(alt_lseek.o)
                0x00005524                lseek
 .text          0x000055bc        0x8 BSP/\libhal_bsp.a(alt_malloc_lock.o)
                0x000055bc                __malloc_lock
                0x000055c0                __malloc_unlock
 .text          0x000055c4       0xf8 BSP/\libhal_bsp.a(alt_read.o)
                0x000055c4                read
 .text          0x000056bc       0x50 BSP/\libhal_bsp.a(alt_sbrk.o)
                0x000056bc                sbrk
 .text          0x0000570c       0xf4 BSP/\libhal_bsp.a(alt_write.o)
                0x0000570c                write
 *(.gnu.warning.*)
 *(.fini)
                0x00005800                PROVIDE (__etext, ABSOLUTE (.))
                0x00005800                PROVIDE (_etext, ABSOLUTE (.))
                0x00005800                PROVIDE (etext, ABSOLUTE (.))
 *(.eh_frame_hdr)
                0x00005800                . = ALIGN (0x4)
                0x00005800                PROVIDE (__preinit_array_start, ABSOLUTE (.))
 *(.preinit_array)
                0x00005800                PROVIDE (__preinit_array_end, ABSOLUTE (.))
                0x00005800                PROVIDE (__init_array_start, ABSOLUTE (.))
 *(.init_array)
                0x00005800                PROVIDE (__init_array_end, ABSOLUTE (.))
                0x00005800                PROVIDE (__fini_array_start, ABSOLUTE (.))
 *(.fini_array)
                0x00005800                PROVIDE (__fini_array_end, ABSOLUTE (.))
 *(.eh_frame)
 *(.gcc_except_table)
 *(.dynamic)
                0x00005800                PROVIDE (__CTOR_LIST__, ABSOLUTE (.))
 *(.ctors)
 *(SORT(.ctors.*))
 .ctors.65535   0x00005800        0x4 c:/altera/12.1sp1/nios2eds/bin/gnu/h-i686-mingw32/bin/../lib/gcc/nios2-elf/4.1.2/../../../../nios2-elf/lib\libc.a(lib_a-__call_atexit.o)
                0x00005804                PROVIDE (__CTOR_END__, ABSOLUTE (.))
                0x00005804                PROVIDE (__DTOR_LIST__, ABSOLUTE (.))
 *(.dtors)
 *(SORT(.dtors.*))
                0x00005804                PROVIDE (__DTOR_END__, ABSOLUTE (.))
 *(.jcr)
                0x00005804                . = ALIGN (0x4)

.rodata         0x00005804      0x35c
                0x00005804                PROVIDE (__ram_rodata_start, ABSOLUTE (.))
                0x00005804                . = ALIGN (0x4)
 *(.rodata .rodata.* .gnu.linkonce.r.*)
 .rodata.str1.4
                0x00005804       0x16 obj/default//H/Workspace/ARC2/TP8/graphlib.o
                                 0x18 (size before relaxing)
 *fill*         0x0000581a        0x2 00
 .rodata.str1.4
                0x0000581c       0x42 obj/default//H/Workspace/ARC2/TP8/init.o
                                 0x44 (size before relaxing)
 *fill*         0x0000585e        0x2 00
 .rodata.str1.4
                0x00005860      0x1d8 obj/default//H/Workspace/ARC2/TP8/mouse.o
 .rodata.str1.4
                0x00005a38        0xf BSP/\libhal_bsp.a(alt_main.o)
                                 0x10 (size before relaxing)
 *fill*         0x00005a47        0x1 00
 .rodata.str1.4
                0x00005a48      0x106 BSP/\libhal_bsp.a(alt_sys_init.o)
                                0x140 (size before relaxing)
 .rodata.str1.4
                0x00000000      0x106 BSP/\libhal_bsp.a(altera_up_avalon_video_character_buffer_with_dma.o)
                                 0x1c (size before relaxing)
 *fill*         0x00005b4e        0x2 00
 .rodata.str1.4
                0x00005b50        0xa BSP/\libhal_bsp.a(alt_dev.o)
                                  0xc (size before relaxing)
 *fill*         0x00005b5a        0x2 00
 .rodata.str1.4
                0x00005b5c        0x4 c:/altera/12.1sp1/nios2eds/bin/gnu/h-i686-mingw32/bin/../lib/gcc/nios2-elf/4.1.2/../../../../nios2-elf/lib\libc.a(lib_a-impure.o)
 *(.rodata1)
                0x00005b60                . = ALIGN (0x4)
                0x00005b60                PROVIDE (__ram_rodata_end, ABSOLUTE (.))
                0x00005804                PROVIDE (__flash_rodata_start, LOADADDR (.rodata))

.rwdata         0x00005b60    0x27f0c
                0x00005b60                PROVIDE (__ram_rwdata_start, ABSOLUTE (.))
                0x00005b60                . = ALIGN (0x4)
 *(.got.plt)
 *(.got)
 *(.data1)
 *(.data .data.* .gnu.linkonce.d.*)
 .data          0x00005b60        0x0 BSP//obj/HAL/src/crt0.o
 .data          0x00005b60        0x0 obj/default//H/Workspace/ARC2/TP8/graphlib.o
 .data          0x00005b60        0x0 obj/default//H/Workspace/ARC2/TP8/init.o
 .data          0x00005b60    0x261c2 obj/default//H/Workspace/ARC2/TP8/main.o
                0x00005b60                oiseau_img
                0x00006360                smiley_img
                0x00006522                nuages_img
 .data          0x0002bd22        0x0 obj/default//H/Workspace/ARC2/TP8/mouse.o
 .data          0x0002bd22        0x0 c:/altera/12.1sp1/nios2eds/bin/gnu/h-i686-mingw32/bin/../lib/gcc/nios2-elf/4.1.2/../../../../nios2-elf/lib\libc.a(lib_a-memcpy.o)
 .data          0x0002bd22        0x0 BSP/\libhal_bsp.a(alt_irq_register.o)
 .data          0x0002bd22        0x0 BSP/\libhal_bsp.a(alt_irq_vars.o)
 .data          0x0002bd22        0x0 BSP/\libhal_bsp.a(alt_load.o)
 .data          0x0002bd22        0x0 BSP/\libhal_bsp.a(alt_main.o)
 .data          0x0002bd22        0x0 BSP/\libhal_bsp.a(alt_printf.o)
 .data          0x0002bd22        0x0 BSP/\libhal_bsp.a(alt_putchar.o)
 *fill*         0x0002bd22        0x2 00
 .data          0x0002bd24     0x134c BSP/\libhal_bsp.a(alt_sys_init.o)
 .data          0x0002d070        0x0 BSP/\libhal_bsp.a(altera_avalon_jtag_uart_fd.o)
 .data          0x0002d070        0x0 BSP/\libhal_bsp.a(altera_avalon_jtag_uart_init.o)
 .data          0x0002d070        0x0 BSP/\libhal_bsp.a(altera_avalon_jtag_uart_ioctl.o)
 .data          0x0002d070        0x0 BSP/\libhal_bsp.a(altera_avalon_jtag_uart_read.o)
 .data          0x0002d070        0x0 BSP/\libhal_bsp.a(altera_avalon_jtag_uart_write.o)
 .data          0x0002d070        0x0 BSP/\libhal_bsp.a(altera_avalon_timer_sc.o)
 .data          0x0002d070        0x0 BSP/\libhal_bsp.a(altera_up_avalon_character_lcd.o)
 .data          0x0002d070        0x0 BSP/\libhal_bsp.a(altera_up_avalon_ps2.o)
 .data          0x0002d070        0x0 BSP/\libhal_bsp.a(altera_up_avalon_rs232.o)
 .data          0x0002d070        0x0 BSP/\libhal_bsp.a(altera_up_avalon_video_character_buffer_with_dma.o)
 .data          0x0002d070        0x0 BSP/\libhal_bsp.a(altera_up_avalon_video_pixel_buffer_dma.o)
 .data          0x0002d070        0x0 BSP/\libhal_bsp.a(alt_alarm_start.o)
 .data          0x0002d070        0x0 BSP/\libhal_bsp.a(alt_close.o)
 .data          0x0002d070        0x0 BSP/\libhal_bsp.a(alt_dcache_flush_all.o)
 .data          0x0002d070      0x1a8 BSP/\libhal_bsp.a(alt_dev.o)
                0x0002d070                alt_dev_null
                0x0002d098                alt_fd_list
 .data          0x0002d218        0x0 BSP/\libhal_bsp.a(alt_dev_llist_insert.o)
 .data          0x0002d218        0x0 BSP/\libhal_bsp.a(alt_errno.o)
 .data          0x0002d218        0x0 BSP/\libhal_bsp.a(alt_find_dev.o)
 .data          0x0002d218        0x0 BSP/\libhal_bsp.a(alt_icache_flush_all.o)
 .data          0x0002d218        0x0 BSP/\libhal_bsp.a(alt_io_redirect.o)
 .data          0x0002d218        0x0 BSP/\libhal_bsp.a(alt_irq_entry.o)
 .data          0x0002d218        0x0 BSP/\libhal_bsp.a(alt_irq_handler.o)
 .data          0x0002d218        0x0 BSP/\libhal_bsp.a(alt_open.o)
 .data          0x0002d218        0x0 BSP/\libhal_bsp.a(alt_release_fd.o)
 .data          0x0002d218        0x0 BSP/\libhal_bsp.a(alt_tick.o)
 .data          0x0002d218        0x0 BSP/\libhal_bsp.a(altera_nios2_qsys_irq.o)
 .data          0x0002d218        0x0 BSP/\libhal_bsp.a(alt_exception_entry.o)
 .data          0x0002d218        0x0 BSP/\libhal_bsp.a(alt_find_file.o)
 .data          0x0002d218        0x0 BSP/\libhal_bsp.a(alt_get_fd.o)
 .data          0x0002d218        0x0 BSP/\libhal_bsp.a(alt_icache_flush.o)
 .data          0x0002d218        0x0 c:/altera/12.1sp1/nios2eds/bin/gnu/h-i686-mingw32/bin/../lib/gcc/nios2-elf/4.1.2/../../../../nios2-elf/lib\libc.a(lib_a-exit.o)
 .data          0x0002d218      0x400 c:/altera/12.1sp1/nios2eds/bin/gnu/h-i686-mingw32/bin/../lib/gcc/nios2-elf/4.1.2/../../../../nios2-elf/lib\libc.a(lib_a-impure.o)
 .data          0x0002d618        0x0 c:/altera/12.1sp1/nios2eds/bin/gnu/h-i686-mingw32/bin/../lib/gcc/nios2-elf/4.1.2/../../../../nios2-elf/lib\libc.a(lib_a-int_errno.o)
 .data          0x0002d618        0x0 c:/altera/12.1sp1/nios2eds/bin/gnu/h-i686-mingw32/bin/../lib/gcc/nios2-elf/4.1.2/../../../../nios2-elf/lib\libc.a(lib_a-memcmp.o)
 .data          0x0002d618        0x0 c:/altera/12.1sp1/nios2eds/bin/gnu/h-i686-mingw32/bin/../lib/gcc/nios2-elf/4.1.2/../../../../nios2-elf/lib\libc.a(lib_a-putc.o)
 .data          0x0002d618        0x0 c:/altera/12.1sp1/nios2eds/bin/gnu/h-i686-mingw32/bin/../lib/gcc/nios2-elf/4.1.2/../../../../nios2-elf/lib\libc.a(lib_a-strcmp.o)
 .data          0x0002d618        0x0 c:/altera/12.1sp1/nios2eds/bin/gnu/h-i686-mingw32/bin/../lib/gcc/nios2-elf/4.1.2/../../../../nios2-elf/lib\libc.a(lib_a-strlen.o)
 .data          0x0002d618        0x0 c:/altera/12.1sp1/nios2eds/bin/gnu/h-i686-mingw32/bin/../lib/gcc/nios2-elf/4.1.2/../../../../nios2-elf/lib\libc.a(lib_a-wbuf.o)
 .data          0x0002d618        0x0 c:/altera/12.1sp1/nios2eds/bin/gnu/h-i686-mingw32/bin/../lib/gcc/nios2-elf/4.1.2/../../../../nios2-elf/lib\libc.a(lib_a-wsetup.o)
 .data          0x0002d618        0x0 c:/altera/12.1sp1/nios2eds/bin/gnu/h-i686-mingw32/bin/../lib/gcc/nios2-elf/4.1.2/../../../../nios2-elf/lib\libc.a(lib_a-__call_atexit.o)
 .data          0x0002d618        0x0 c:/altera/12.1sp1/nios2eds/bin/gnu/h-i686-mingw32/bin/../lib/gcc/nios2-elf/4.1.2/../../../../nios2-elf/lib\libc.a(lib_a-fflush.o)
 .data          0x0002d618        0x0 c:/altera/12.1sp1/nios2eds/bin/gnu/h-i686-mingw32/bin/../lib/gcc/nios2-elf/4.1.2/../../../../nios2-elf/lib\libc.a(lib_a-findfp.o)
 .data          0x0002d618        0x0 c:/altera/12.1sp1/nios2eds/bin/gnu/h-i686-mingw32/bin/../lib/gcc/nios2-elf/4.1.2/../../../../nios2-elf/lib\libc.a(lib_a-freer.o)
 .data          0x0002d618        0x0 c:/altera/12.1sp1/nios2eds/bin/gnu/h-i686-mingw32/bin/../lib/gcc/nios2-elf/4.1.2/../../../../nios2-elf/lib\libc.a(lib_a-fwalk.o)
 .data          0x0002d618        0x0 c:/altera/12.1sp1/nios2eds/bin/gnu/h-i686-mingw32/bin/../lib/gcc/nios2-elf/4.1.2/../../../../nios2-elf/lib\libc.a(lib_a-makebuf.o)
 .data          0x0002d618      0x408 c:/altera/12.1sp1/nios2eds/bin/gnu/h-i686-mingw32/bin/../lib/gcc/nios2-elf/4.1.2/../../../../nios2-elf/lib\libc.a(lib_a-mallocr.o)
                0x0002d618                __malloc_av_
 .data          0x0002da20        0x0 c:/altera/12.1sp1/nios2eds/bin/gnu/h-i686-mingw32/bin/../lib/gcc/nios2-elf/4.1.2/../../../../nios2-elf/lib\libc.a(lib_a-memset.o)
 .data          0x0002da20        0x0 c:/altera/12.1sp1/nios2eds/bin/gnu/h-i686-mingw32/bin/../lib/gcc/nios2-elf/4.1.2/../../../../nios2-elf/lib\libc.a(lib_a-sbrkr.o)
 .data          0x0002da20        0x0 c:/altera/12.1sp1/nios2eds/bin/gnu/h-i686-mingw32/bin/../lib/gcc/nios2-elf/4.1.2/../../../../nios2-elf/lib\libc.a(lib_a-stdio.o)
 .data          0x0002da20        0x0 c:/altera/12.1sp1/nios2eds/bin/gnu/h-i686-mingw32/bin/../lib/gcc/nios2-elf/4.1.2/../../../../nios2-elf/lib\libc.a(lib_a-writer.o)
 .data          0x0002da20        0x0 c:/altera/12.1sp1/nios2eds/bin/gnu/h-i686-mingw32/bin/../lib/gcc/nios2-elf/4.1.2/../../../../nios2-elf/lib\libc.a(lib_a-closer.o)
 .data          0x0002da20        0x0 c:/altera/12.1sp1/nios2eds/bin/gnu/h-i686-mingw32/bin/../lib/gcc/nios2-elf/4.1.2/../../../../nios2-elf/lib\libc.a(lib_a-fclose.o)
 .data          0x0002da20        0x0 c:/altera/12.1sp1/nios2eds/bin/gnu/h-i686-mingw32/bin/../lib/gcc/nios2-elf/4.1.2/../../../../nios2-elf/lib\libc.a(lib_a-fstatr.o)
 .data          0x0002da20        0x0 c:/altera/12.1sp1/nios2eds/bin/gnu/h-i686-mingw32/bin/../lib/gcc/nios2-elf/4.1.2/../../../../nios2-elf/lib\libc.a(lib_a-isattyr.o)
 .data          0x0002da20        0x0 c:/altera/12.1sp1/nios2eds/bin/gnu/h-i686-mingw32/bin/../lib/gcc/nios2-elf/4.1.2/../../../../nios2-elf/lib\libc.a(lib_a-lseekr.o)
 .data          0x0002da20        0x0 c:/altera/12.1sp1/nios2eds/bin/gnu/h-i686-mingw32/bin/../lib/gcc/nios2-elf/4.1.2/../../../../nios2-elf/lib\libc.a(lib_a-readr.o)
 .data          0x0002da20        0x0 BSP/\libhal_bsp.a(alt_exit.o)
 .data          0x0002da20        0x0 BSP/\libhal_bsp.a(alt_fstat.o)
 .data          0x0002da20        0x0 BSP/\libhal_bsp.a(alt_isatty.o)
 .data          0x0002da20        0x0 BSP/\libhal_bsp.a(alt_lseek.o)
 .data          0x0002da20        0x0 BSP/\libhal_bsp.a(alt_malloc_lock.o)
 .data          0x0002da20        0x0 BSP/\libhal_bsp.a(alt_read.o)
 .data          0x0002da20        0x0 BSP/\libhal_bsp.a(alt_sbrk.o)
 .data          0x0002da20        0x0 BSP/\libhal_bsp.a(alt_write.o)
                0x00035a20                _gp = ABSOLUTE ((. + 0x8000))
                0x00035a20                PROVIDE (gp, _gp)
 *(.rwdata .rwdata.*)
 *(.sdata .sdata.* .gnu.linkonce.s.*)
 .sdata         0x0002da20       0x14 obj/default//H/Workspace/ARC2/TP8/main.o
                0x0002da20                TIMER_STATUS
                0x0002da24                TIMER_CTRL
                0x0002da28                PS2_DATA
                0x0002da2c                x_pos
                0x0002da30                y_pos
 .sdata         0x0002da34        0x4 BSP/\libhal_bsp.a(alt_irq_vars.o)
                0x0002da34                alt_priority_mask
 .sdata         0x0002da38       0x14 BSP/\libhal_bsp.a(alt_dev.o)
                0x0002da38                alt_fs_list
                0x0002da40                alt_dev_list
                0x0002da48                alt_max_fd
 .sdata         0x0002da4c        0x4 BSP/\libhal_bsp.a(alt_errno.o)
                0x0002da4c                alt_errno
 .sdata         0x0002da50        0x8 BSP/\libhal_bsp.a(alt_tick.o)
                0x0002da50                alt_alarm_list
 .sdata         0x0002da58        0x8 c:/altera/12.1sp1/nios2eds/bin/gnu/h-i686-mingw32/bin/../lib/gcc/nios2-elf/4.1.2/../../../../nios2-elf/lib\libc.a(lib_a-impure.o)
                0x0002da58                _impure_ptr
                0x0002da5c                _global_impure_ptr
 .sdata         0x0002da60        0x8 c:/altera/12.1sp1/nios2eds/bin/gnu/h-i686-mingw32/bin/../lib/gcc/nios2-elf/4.1.2/../../../../nios2-elf/lib\libc.a(lib_a-mallocr.o)
                0x0002da60                __malloc_trim_threshold
                0x0002da64                __malloc_sbrk_base
 .sdata         0x0002da68        0x4 BSP/\libhal_bsp.a(alt_sbrk.o)
 *(.sdata2 .sdata2.* .gnu.linkonce.s2.*)
                0x0002da6c                . = ALIGN (0x4)
                0x0002da6c                _edata = ABSOLUTE (.)
                0x0002da6c                PROVIDE (edata, ABSOLUTE (.))
                0x0002da6c                PROVIDE (__ram_rwdata_end, ABSOLUTE (.))
                0x00005b60                PROVIDE (__flash_rwdata_start, LOADADDR (.rwdata))

.bss            0x0002da6c      0x15c
                0x0002da6c                __bss_start = ABSOLUTE (.)
                0x0002da6c                PROVIDE (__sbss_start, ABSOLUTE (.))
                0x0002da6c                PROVIDE (___sbss_start, ABSOLUTE (.))
 *(.dynsbss)
 *(.sbss .sbss.* .gnu.linkonce.sb.*)
 .sbss          0x0002da6c        0x4 obj/default//H/Workspace/ARC2/TP8/graphlib.o
                0x0002da6c                pixel_buffer_dev
 .sbss          0x0002da70        0x4 obj/default//H/Workspace/ARC2/TP8/init.o
                0x0002da70                mouse
 .sbss          0x0002da74        0x4 obj/default//H/Workspace/ARC2/TP8/main.o
                0x0002da74                middle_pos
 .sbss          0x0002da78        0x4 BSP/\libhal_bsp.a(alt_irq_vars.o)
                0x0002da78                alt_irq_active
 .sbss          0x0002da7c        0xc BSP/\libhal_bsp.a(alt_main.o)
                0x0002da7c                alt_argc
                0x0002da80                alt_argv
                0x0002da84                alt_envp
 .sbss          0x0002da88        0x8 BSP/\libhal_bsp.a(alt_tick.o)
                0x0002da88                _alt_tick_rate
                0x0002da8c                _alt_nticks
 .sbss          0x0002da90        0x4 c:/altera/12.1sp1/nios2eds/bin/gnu/h-i686-mingw32/bin/../lib/gcc/nios2-elf/4.1.2/../../../../nios2-elf/lib\libc.a(lib_a-int_errno.o)
                0x0002da90                errno
 .sbss          0x0002da94        0xc c:/altera/12.1sp1/nios2eds/bin/gnu/h-i686-mingw32/bin/../lib/gcc/nios2-elf/4.1.2/../../../../nios2-elf/lib\libc.a(lib_a-mallocr.o)
                0x0002da94                __malloc_top_pad
                0x0002da98                __malloc_max_sbrked_mem
                0x0002da9c                __malloc_max_total_mem
 *(.sbss2 .sbss2.* .gnu.linkonce.sb2.*)
 *(.scommon)
                0x0002daa0                PROVIDE (__sbss_end, ABSOLUTE (.))
                0x0002daa0                PROVIDE (___sbss_end, ABSOLUTE (.))
 *(.dynbss)
 *(.bss .bss.* .gnu.linkonce.b.*)
 .bss           0x0002daa0        0x0 BSP//obj/HAL/src/crt0.o
 .bss           0x0002daa0        0x0 obj/default//H/Workspace/ARC2/TP8/graphlib.o
 .bss           0x0002daa0        0x0 obj/default//H/Workspace/ARC2/TP8/init.o
 .bss           0x0002daa0        0x0 obj/default//H/Workspace/ARC2/TP8/main.o
 .bss           0x0002daa0        0x0 obj/default//H/Workspace/ARC2/TP8/mouse.o
 .bss           0x0002daa0        0x0 c:/altera/12.1sp1/nios2eds/bin/gnu/h-i686-mingw32/bin/../lib/gcc/nios2-elf/4.1.2/../../../../nios2-elf/lib\libc.a(lib_a-memcpy.o)
 .bss           0x0002daa0        0x0 BSP/\libhal_bsp.a(alt_irq_register.o)
 .bss           0x0002daa0        0x0 BSP/\libhal_bsp.a(alt_irq_vars.o)
 .bss           0x0002daa0        0x0 BSP/\libhal_bsp.a(alt_load.o)
 .bss           0x0002daa0        0x0 BSP/\libhal_bsp.a(alt_main.o)
 .bss           0x0002daa0        0x0 BSP/\libhal_bsp.a(alt_printf.o)
 .bss           0x0002daa0        0x0 BSP/\libhal_bsp.a(alt_putchar.o)
 .bss           0x0002daa0        0x0 BSP/\libhal_bsp.a(alt_sys_init.o)
 .bss           0x0002daa0        0x0 BSP/\libhal_bsp.a(altera_avalon_jtag_uart_fd.o)
 .bss           0x0002daa0        0x0 BSP/\libhal_bsp.a(altera_avalon_jtag_uart_init.o)
 .bss           0x0002daa0        0x0 BSP/\libhal_bsp.a(altera_avalon_jtag_uart_ioctl.o)
 .bss           0x0002daa0        0x0 BSP/\libhal_bsp.a(altera_avalon_jtag_uart_read.o)
 .bss           0x0002daa0        0x0 BSP/\libhal_bsp.a(altera_avalon_jtag_uart_write.o)
 .bss           0x0002daa0        0x0 BSP/\libhal_bsp.a(altera_avalon_timer_sc.o)
 .bss           0x0002daa0        0x0 BSP/\libhal_bsp.a(altera_up_avalon_character_lcd.o)
 .bss           0x0002daa0        0x0 BSP/\libhal_bsp.a(altera_up_avalon_ps2.o)
 .bss           0x0002daa0        0x0 BSP/\libhal_bsp.a(altera_up_avalon_rs232.o)
 .bss           0x0002daa0        0x0 BSP/\libhal_bsp.a(altera_up_avalon_video_character_buffer_with_dma.o)
 .bss           0x0002daa0        0x0 BSP/\libhal_bsp.a(altera_up_avalon_video_pixel_buffer_dma.o)
 .bss           0x0002daa0        0x0 BSP/\libhal_bsp.a(alt_alarm_start.o)
 .bss           0x0002daa0        0x0 BSP/\libhal_bsp.a(alt_close.o)
 .bss           0x0002daa0        0x0 BSP/\libhal_bsp.a(alt_dcache_flush_all.o)
 .bss           0x0002daa0        0x0 BSP/\libhal_bsp.a(alt_dev.o)
 .bss           0x0002daa0        0x0 BSP/\libhal_bsp.a(alt_dev_llist_insert.o)
 .bss           0x0002daa0        0x0 BSP/\libhal_bsp.a(alt_errno.o)
 .bss           0x0002daa0        0x0 BSP/\libhal_bsp.a(alt_find_dev.o)
 .bss           0x0002daa0        0x0 BSP/\libhal_bsp.a(alt_icache_flush_all.o)
 .bss           0x0002daa0        0x0 BSP/\libhal_bsp.a(alt_io_redirect.o)
 .bss           0x0002daa0        0x0 BSP/\libhal_bsp.a(alt_irq_entry.o)
 .bss           0x0002daa0        0x0 BSP/\libhal_bsp.a(alt_irq_handler.o)
 .bss           0x0002daa0        0x0 BSP/\libhal_bsp.a(alt_open.o)
 .bss           0x0002daa0        0x0 BSP/\libhal_bsp.a(alt_release_fd.o)
 .bss           0x0002daa0        0x0 BSP/\libhal_bsp.a(alt_tick.o)
 .bss           0x0002daa0        0x0 BSP/\libhal_bsp.a(altera_nios2_qsys_irq.o)
 .bss           0x0002daa0        0x0 BSP/\libhal_bsp.a(alt_exception_entry.o)
 .bss           0x0002daa0        0x0 BSP/\libhal_bsp.a(alt_find_file.o)
 .bss           0x0002daa0        0x0 BSP/\libhal_bsp.a(alt_get_fd.o)
 .bss           0x0002daa0        0x0 BSP/\libhal_bsp.a(alt_icache_flush.o)
 .bss           0x0002daa0        0x0 c:/altera/12.1sp1/nios2eds/bin/gnu/h-i686-mingw32/bin/../lib/gcc/nios2-elf/4.1.2/../../../../nios2-elf/lib\libc.a(lib_a-exit.o)
 .bss           0x0002daa0        0x0 c:/altera/12.1sp1/nios2eds/bin/gnu/h-i686-mingw32/bin/../lib/gcc/nios2-elf/4.1.2/../../../../nios2-elf/lib\libc.a(lib_a-impure.o)
 .bss           0x0002daa0        0x0 c:/altera/12.1sp1/nios2eds/bin/gnu/h-i686-mingw32/bin/../lib/gcc/nios2-elf/4.1.2/../../../../nios2-elf/lib\libc.a(lib_a-int_errno.o)
 .bss           0x0002daa0        0x0 c:/altera/12.1sp1/nios2eds/bin/gnu/h-i686-mingw32/bin/../lib/gcc/nios2-elf/4.1.2/../../../../nios2-elf/lib\libc.a(lib_a-memcmp.o)
 .bss           0x0002daa0        0x0 c:/altera/12.1sp1/nios2eds/bin/gnu/h-i686-mingw32/bin/../lib/gcc/nios2-elf/4.1.2/../../../../nios2-elf/lib\libc.a(lib_a-putc.o)
 .bss           0x0002daa0        0x0 c:/altera/12.1sp1/nios2eds/bin/gnu/h-i686-mingw32/bin/../lib/gcc/nios2-elf/4.1.2/../../../../nios2-elf/lib\libc.a(lib_a-strcmp.o)
 .bss           0x0002daa0        0x0 c:/altera/12.1sp1/nios2eds/bin/gnu/h-i686-mingw32/bin/../lib/gcc/nios2-elf/4.1.2/../../../../nios2-elf/lib\libc.a(lib_a-strlen.o)
 .bss           0x0002daa0        0x0 c:/altera/12.1sp1/nios2eds/bin/gnu/h-i686-mingw32/bin/../lib/gcc/nios2-elf/4.1.2/../../../../nios2-elf/lib\libc.a(lib_a-wbuf.o)
 .bss           0x0002daa0        0x0 c:/altera/12.1sp1/nios2eds/bin/gnu/h-i686-mingw32/bin/../lib/gcc/nios2-elf/4.1.2/../../../../nios2-elf/lib\libc.a(lib_a-wsetup.o)
 .bss           0x0002daa0        0x0 c:/altera/12.1sp1/nios2eds/bin/gnu/h-i686-mingw32/bin/../lib/gcc/nios2-elf/4.1.2/../../../../nios2-elf/lib\libc.a(lib_a-__call_atexit.o)
 .bss           0x0002daa0        0x0 c:/altera/12.1sp1/nios2eds/bin/gnu/h-i686-mingw32/bin/../lib/gcc/nios2-elf/4.1.2/../../../../nios2-elf/lib\libc.a(lib_a-fflush.o)
 .bss           0x0002daa0        0x0 c:/altera/12.1sp1/nios2eds/bin/gnu/h-i686-mingw32/bin/../lib/gcc/nios2-elf/4.1.2/../../../../nios2-elf/lib\libc.a(lib_a-findfp.o)
 .bss           0x0002daa0        0x0 c:/altera/12.1sp1/nios2eds/bin/gnu/h-i686-mingw32/bin/../lib/gcc/nios2-elf/4.1.2/../../../../nios2-elf/lib\libc.a(lib_a-freer.o)
 .bss           0x0002daa0        0x0 c:/altera/12.1sp1/nios2eds/bin/gnu/h-i686-mingw32/bin/../lib/gcc/nios2-elf/4.1.2/../../../../nios2-elf/lib\libc.a(lib_a-fwalk.o)
 .bss           0x0002daa0        0x0 c:/altera/12.1sp1/nios2eds/bin/gnu/h-i686-mingw32/bin/../lib/gcc/nios2-elf/4.1.2/../../../../nios2-elf/lib\libc.a(lib_a-makebuf.o)
 .bss           0x0002daa0       0x28 c:/altera/12.1sp1/nios2eds/bin/gnu/h-i686-mingw32/bin/../lib/gcc/nios2-elf/4.1.2/../../../../nios2-elf/lib\libc.a(lib_a-mallocr.o)
                0x0002daa0                __malloc_current_mallinfo
 .bss           0x0002dac8        0x0 c:/altera/12.1sp1/nios2eds/bin/gnu/h-i686-mingw32/bin/../lib/gcc/nios2-elf/4.1.2/../../../../nios2-elf/lib\libc.a(lib_a-memset.o)
 .bss           0x0002dac8        0x0 c:/altera/12.1sp1/nios2eds/bin/gnu/h-i686-mingw32/bin/../lib/gcc/nios2-elf/4.1.2/../../../../nios2-elf/lib\libc.a(lib_a-sbrkr.o)
 .bss           0x0002dac8        0x0 c:/altera/12.1sp1/nios2eds/bin/gnu/h-i686-mingw32/bin/../lib/gcc/nios2-elf/4.1.2/../../../../nios2-elf/lib\libc.a(lib_a-stdio.o)
 .bss           0x0002dac8        0x0 c:/altera/12.1sp1/nios2eds/bin/gnu/h-i686-mingw32/bin/../lib/gcc/nios2-elf/4.1.2/../../../../nios2-elf/lib\libc.a(lib_a-writer.o)
 .bss           0x0002dac8        0x0 c:/altera/12.1sp1/nios2eds/bin/gnu/h-i686-mingw32/bin/../lib/gcc/nios2-elf/4.1.2/../../../../nios2-elf/lib\libc.a(lib_a-closer.o)
 .bss           0x0002dac8        0x0 c:/altera/12.1sp1/nios2eds/bin/gnu/h-i686-mingw32/bin/../lib/gcc/nios2-elf/4.1.2/../../../../nios2-elf/lib\libc.a(lib_a-fclose.o)
 .bss           0x0002dac8        0x0 c:/altera/12.1sp1/nios2eds/bin/gnu/h-i686-mingw32/bin/../lib/gcc/nios2-elf/4.1.2/../../../../nios2-elf/lib\libc.a(lib_a-fstatr.o)
 .bss           0x0002dac8        0x0 c:/altera/12.1sp1/nios2eds/bin/gnu/h-i686-mingw32/bin/../lib/gcc/nios2-elf/4.1.2/../../../../nios2-elf/lib\libc.a(lib_a-isattyr.o)
 .bss           0x0002dac8        0x0 c:/altera/12.1sp1/nios2eds/bin/gnu/h-i686-mingw32/bin/../lib/gcc/nios2-elf/4.1.2/../../../../nios2-elf/lib\libc.a(lib_a-lseekr.o)
 .bss           0x0002dac8        0x0 c:/altera/12.1sp1/nios2eds/bin/gnu/h-i686-mingw32/bin/../lib/gcc/nios2-elf/4.1.2/../../../../nios2-elf/lib\libc.a(lib_a-readr.o)
 .bss           0x0002dac8        0x0 BSP/\libhal_bsp.a(alt_exit.o)
 .bss           0x0002dac8        0x0 BSP/\libhal_bsp.a(alt_fstat.o)
 .bss           0x0002dac8        0x0 BSP/\libhal_bsp.a(alt_isatty.o)
 .bss           0x0002dac8        0x0 BSP/\libhal_bsp.a(alt_lseek.o)
 .bss           0x0002dac8        0x0 BSP/\libhal_bsp.a(alt_malloc_lock.o)
 .bss           0x0002dac8        0x0 BSP/\libhal_bsp.a(alt_read.o)
 .bss           0x0002dac8        0x0 BSP/\libhal_bsp.a(alt_sbrk.o)
 .bss           0x0002dac8        0x0 BSP/\libhal_bsp.a(alt_write.o)
 *(COMMON)
 COMMON         0x0002dac8      0x100 BSP/\libhal_bsp.a(alt_irq_handler.o)
                0x0002dac8                alt_irq
                0x0002dbc8                . = ALIGN (0x4)
                0x0002dbc8                __bss_end = ABSOLUTE (.)

.SDRAM          0x0002dbc8        0x0
                0x0002dbc8                PROVIDE (_alt_partition_SDRAM_start, ABSOLUTE (.))
 *(.SDRAM. SDRAM.*)
                0x0002dbc8                . = ALIGN (0x4)
                0x0002dbc8                PROVIDE (_alt_partition_SDRAM_end, ABSOLUTE (.))
                0x0002dbc8                _end = ABSOLUTE (.)
                0x0002dbc8                end = ABSOLUTE (.)
                0x0002dbc8                __alt_stack_base = ABSOLUTE (.)
                0x0002dbc8                PROVIDE (_alt_partition_SDRAM_load_addr, LOADADDR (.SDRAM))

.stab
 *(.stab)

.stabstr
 *(.stabstr)

.stab.excl
 *(.stab.excl)

.stab.exclstr
 *(.stab.exclstr)

.stab.index
 *(.stab.index)

.stab.indexstr
 *(.stab.indexstr)

.comment        0x00000000       0x26
 *(.comment)
 .comment       0x00000000       0x26 obj/default//H/Workspace/ARC2/TP8/graphlib.o
                                 0x27 (size before relaxing)
 .comment       0x00000000       0x27 obj/default//H/Workspace/ARC2/TP8/init.o
 .comment       0x00000000       0x27 obj/default//H/Workspace/ARC2/TP8/main.o
 .comment       0x00000000       0x27 obj/default//H/Workspace/ARC2/TP8/mouse.o
 .comment       0x00000000       0x27 c:/altera/12.1sp1/nios2eds/bin/gnu/h-i686-mingw32/bin/../lib/gcc/nios2-elf/4.1.2/../../../../nios2-elf/lib\libc.a(lib_a-memcpy.o)
 .comment       0x00000000       0x27 BSP/\libhal_bsp.a(alt_irq_register.o)
 .comment       0x00000000       0x27 BSP/\libhal_bsp.a(alt_irq_vars.o)
 .comment       0x00000000       0x27 BSP/\libhal_bsp.a(alt_load.o)
 .comment       0x00000000       0x27 BSP/\libhal_bsp.a(alt_main.o)
 .comment       0x00000000       0x27 BSP/\libhal_bsp.a(alt_printf.o)
 .comment       0x00000000       0x27 BSP/\libhal_bsp.a(alt_putchar.o)
 .comment       0x00000000       0x27 BSP/\libhal_bsp.a(alt_sys_init.o)
 .comment       0x00000000       0x27 BSP/\libhal_bsp.a(altera_avalon_jtag_uart_fd.o)
 .comment       0x00000000       0x27 BSP/\libhal_bsp.a(altera_avalon_jtag_uart_init.o)
 .comment       0x00000000       0x27 BSP/\libhal_bsp.a(altera_avalon_jtag_uart_ioctl.o)
 .comment       0x00000000       0x27 BSP/\libhal_bsp.a(altera_avalon_jtag_uart_read.o)
 .comment       0x00000000       0x27 BSP/\libhal_bsp.a(altera_avalon_jtag_uart_write.o)
 .comment       0x00000000       0x27 BSP/\libhal_bsp.a(altera_avalon_timer_sc.o)
 .comment       0x00000000       0x27 BSP/\libhal_bsp.a(altera_up_avalon_character_lcd.o)
 .comment       0x00000000       0x27 BSP/\libhal_bsp.a(altera_up_avalon_ps2.o)
 .comment       0x00000000       0x27 BSP/\libhal_bsp.a(altera_up_avalon_rs232.o)
 .comment       0x00000000       0x27 BSP/\libhal_bsp.a(altera_up_avalon_video_character_buffer_with_dma.o)
 .comment       0x00000000       0x27 BSP/\libhal_bsp.a(altera_up_avalon_video_pixel_buffer_dma.o)
 .comment       0x00000000       0x27 BSP/\libhal_bsp.a(alt_alarm_start.o)
 .comment       0x00000000       0x27 BSP/\libhal_bsp.a(alt_close.o)
 .comment       0x00000000       0x27 BSP/\libhal_bsp.a(alt_dcache_flush_all.o)
 .comment       0x00000000       0x27 BSP/\libhal_bsp.a(alt_dev.o)
 .comment       0x00000000       0x27 BSP/\libhal_bsp.a(alt_dev_llist_insert.o)
 .comment       0x00000000       0x27 BSP/\libhal_bsp.a(alt_errno.o)
 .comment       0x00000000       0x27 BSP/\libhal_bsp.a(alt_find_dev.o)
 .comment       0x00000000       0x27 BSP/\libhal_bsp.a(alt_icache_flush_all.o)
 .comment       0x00000000       0x27 BSP/\libhal_bsp.a(alt_io_redirect.o)
 .comment       0x00000000       0x27 BSP/\libhal_bsp.a(alt_irq_handler.o)
 .comment       0x00000000       0x27 BSP/\libhal_bsp.a(alt_open.o)
 .comment       0x00000000       0x27 BSP/\libhal_bsp.a(alt_release_fd.o)
 .comment       0x00000000       0x27 BSP/\libhal_bsp.a(alt_tick.o)
 .comment       0x00000000       0x27 BSP/\libhal_bsp.a(altera_nios2_qsys_irq.o)
 .comment       0x00000000       0x27 BSP/\libhal_bsp.a(alt_find_file.o)
 .comment       0x00000000       0x27 BSP/\libhal_bsp.a(alt_get_fd.o)
 .comment       0x00000000       0x27 BSP/\libhal_bsp.a(alt_icache_flush.o)
 .comment       0x00000000       0x27 c:/altera/12.1sp1/nios2eds/bin/gnu/h-i686-mingw32/bin/../lib/gcc/nios2-elf/4.1.2/../../../../nios2-elf/lib\libc.a(lib_a-exit.o)
 .comment       0x00000000       0x27 c:/altera/12.1sp1/nios2eds/bin/gnu/h-i686-mingw32/bin/../lib/gcc/nios2-elf/4.1.2/../../../../nios2-elf/lib\libc.a(lib_a-impure.o)
 .comment       0x00000000       0x27 c:/altera/12.1sp1/nios2eds/bin/gnu/h-i686-mingw32/bin/../lib/gcc/nios2-elf/4.1.2/../../../../nios2-elf/lib\libc.a(lib_a-int_errno.o)
 .comment       0x00000000       0x27 c:/altera/12.1sp1/nios2eds/bin/gnu/h-i686-mingw32/bin/../lib/gcc/nios2-elf/4.1.2/../../../../nios2-elf/lib\libc.a(lib_a-memcmp.o)
 .comment       0x00000000       0x27 c:/altera/12.1sp1/nios2eds/bin/gnu/h-i686-mingw32/bin/../lib/gcc/nios2-elf/4.1.2/../../../../nios2-elf/lib\libc.a(lib_a-putc.o)
 .comment       0x00000000       0x27 c:/altera/12.1sp1/nios2eds/bin/gnu/h-i686-mingw32/bin/../lib/gcc/nios2-elf/4.1.2/../../../../nios2-elf/lib\libc.a(lib_a-strcmp.o)
 .comment       0x00000000       0x27 c:/altera/12.1sp1/nios2eds/bin/gnu/h-i686-mingw32/bin/../lib/gcc/nios2-elf/4.1.2/../../../../nios2-elf/lib\libc.a(lib_a-strlen.o)
 .comment       0x00000000       0x27 c:/altera/12.1sp1/nios2eds/bin/gnu/h-i686-mingw32/bin/../lib/gcc/nios2-elf/4.1.2/../../../../nios2-elf/lib\libc.a(lib_a-wbuf.o)
 .comment       0x00000000       0x27 c:/altera/12.1sp1/nios2eds/bin/gnu/h-i686-mingw32/bin/../lib/gcc/nios2-elf/4.1.2/../../../../nios2-elf/lib\libc.a(lib_a-wsetup.o)
 .comment       0x00000000       0x27 c:/altera/12.1sp1/nios2eds/bin/gnu/h-i686-mingw32/bin/../lib/gcc/nios2-elf/4.1.2/../../../../nios2-elf/lib\libc.a(lib_a-__call_atexit.o)
 .comment       0x00000000       0x27 c:/altera/12.1sp1/nios2eds/bin/gnu/h-i686-mingw32/bin/../lib/gcc/nios2-elf/4.1.2/../../../../nios2-elf/lib\libc.a(lib_a-fflush.o)
 .comment       0x00000000       0x27 c:/altera/12.1sp1/nios2eds/bin/gnu/h-i686-mingw32/bin/../lib/gcc/nios2-elf/4.1.2/../../../../nios2-elf/lib\libc.a(lib_a-findfp.o)
 .comment       0x00000000       0x27 c:/altera/12.1sp1/nios2eds/bin/gnu/h-i686-mingw32/bin/../lib/gcc/nios2-elf/4.1.2/../../../../nios2-elf/lib\libc.a(lib_a-freer.o)
 .comment       0x00000000       0x27 c:/altera/12.1sp1/nios2eds/bin/gnu/h-i686-mingw32/bin/../lib/gcc/nios2-elf/4.1.2/../../../../nios2-elf/lib\libc.a(lib_a-fwalk.o)
 .comment       0x00000000       0x27 c:/altera/12.1sp1/nios2eds/bin/gnu/h-i686-mingw32/bin/../lib/gcc/nios2-elf/4.1.2/../../../../nios2-elf/lib\libc.a(lib_a-makebuf.o)
 .comment       0x00000000       0x27 c:/altera/12.1sp1/nios2eds/bin/gnu/h-i686-mingw32/bin/../lib/gcc/nios2-elf/4.1.2/../../../../nios2-elf/lib\libc.a(lib_a-mallocr.o)
 .comment       0x00000000       0x27 c:/altera/12.1sp1/nios2eds/bin/gnu/h-i686-mingw32/bin/../lib/gcc/nios2-elf/4.1.2/../../../../nios2-elf/lib\libc.a(lib_a-memset.o)
 .comment       0x00000000       0x27 c:/altera/12.1sp1/nios2eds/bin/gnu/h-i686-mingw32/bin/../lib/gcc/nios2-elf/4.1.2/../../../../nios2-elf/lib\libc.a(lib_a-sbrkr.o)
 .comment       0x00000000       0x27 c:/altera/12.1sp1/nios2eds/bin/gnu/h-i686-mingw32/bin/../lib/gcc/nios2-elf/4.1.2/../../../../nios2-elf/lib\libc.a(lib_a-stdio.o)
 .comment       0x00000000       0x27 c:/altera/12.1sp1/nios2eds/bin/gnu/h-i686-mingw32/bin/../lib/gcc/nios2-elf/4.1.2/../../../../nios2-elf/lib\libc.a(lib_a-writer.o)
 .comment       0x00000000       0x27 c:/altera/12.1sp1/nios2eds/bin/gnu/h-i686-mingw32/bin/../lib/gcc/nios2-elf/4.1.2/../../../../nios2-elf/lib\libc.a(lib_a-closer.o)
 .comment       0x00000000       0x27 c:/altera/12.1sp1/nios2eds/bin/gnu/h-i686-mingw32/bin/../lib/gcc/nios2-elf/4.1.2/../../../../nios2-elf/lib\libc.a(lib_a-fclose.o)
 .comment       0x00000000       0x27 c:/altera/12.1sp1/nios2eds/bin/gnu/h-i686-mingw32/bin/../lib/gcc/nios2-elf/4.1.2/../../../../nios2-elf/lib\libc.a(lib_a-fstatr.o)
 .comment       0x00000000       0x27 c:/altera/12.1sp1/nios2eds/bin/gnu/h-i686-mingw32/bin/../lib/gcc/nios2-elf/4.1.2/../../../../nios2-elf/lib\libc.a(lib_a-isattyr.o)
 .comment       0x00000000       0x27 c:/altera/12.1sp1/nios2eds/bin/gnu/h-i686-mingw32/bin/../lib/gcc/nios2-elf/4.1.2/../../../../nios2-elf/lib\libc.a(lib_a-lseekr.o)
 .comment       0x00000000       0x27 c:/altera/12.1sp1/nios2eds/bin/gnu/h-i686-mingw32/bin/../lib/gcc/nios2-elf/4.1.2/../../../../nios2-elf/lib\libc.a(lib_a-readr.o)
 .comment       0x00000000       0x27 BSP/\libhal_bsp.a(alt_exit.o)
 .comment       0x00000000       0x27 BSP/\libhal_bsp.a(alt_fstat.o)
 .comment       0x00000000       0x27 BSP/\libhal_bsp.a(alt_isatty.o)
 .comment       0x00000000       0x27 BSP/\libhal_bsp.a(alt_lseek.o)
 .comment       0x00000000       0x27 BSP/\libhal_bsp.a(alt_malloc_lock.o)
 .comment       0x00000000       0x27 BSP/\libhal_bsp.a(alt_read.o)
 .comment       0x00000000       0x27 BSP/\libhal_bsp.a(alt_sbrk.o)
 .comment       0x00000000       0x27 BSP/\libhal_bsp.a(alt_write.o)

.debug
 *(.debug)

.line
 *(.line)

.debug_srcinfo
 *(.debug_srcinfo)

.debug_sfnames
 *(.debug_sfnames)

.debug_aranges  0x00000000      0x958
 *(.debug_aranges)
 .debug_aranges
                0x00000000       0x28 BSP//obj/HAL/src/crt0.o
 .debug_aranges
                0x00000028       0x20 obj/default//H/Workspace/ARC2/TP8/graphlib.o
 .debug_aranges
                0x00000048       0x20 obj/default//H/Workspace/ARC2/TP8/init.o
 .debug_aranges
                0x00000068       0x20 obj/default//H/Workspace/ARC2/TP8/main.o
 .debug_aranges
                0x00000088       0x20 obj/default//H/Workspace/ARC2/TP8/mouse.o
 .debug_aranges
                0x000000a8       0x20 c:/altera/12.1sp1/nios2eds/bin/gnu/h-i686-mingw32/bin/../lib/gcc/nios2-elf/4.1.2/../../../../nios2-elf/lib\libc.a(lib_a-memcpy.o)
 .debug_aranges
                0x000000c8       0x20 BSP/\libhal_bsp.a(alt_irq_register.o)
 .debug_aranges
                0x000000e8       0x20 BSP/\libhal_bsp.a(alt_load.o)
 .debug_aranges
                0x00000108       0x20 BSP/\libhal_bsp.a(alt_main.o)
 .debug_aranges
                0x00000128       0x20 BSP/\libhal_bsp.a(alt_printf.o)
 .debug_aranges
                0x00000148       0x20 BSP/\libhal_bsp.a(alt_putchar.o)
 .debug_aranges
                0x00000168       0x20 BSP/\libhal_bsp.a(alt_sys_init.o)
 .debug_aranges
                0x00000188       0x20 BSP/\libhal_bsp.a(altera_avalon_jtag_uart_fd.o)
 .debug_aranges
                0x000001a8       0x20 BSP/\libhal_bsp.a(altera_avalon_jtag_uart_init.o)
 .debug_aranges
                0x000001c8       0x20 BSP/\libhal_bsp.a(altera_avalon_jtag_uart_ioctl.o)
 .debug_aranges
                0x000001e8       0x20 BSP/\libhal_bsp.a(altera_avalon_jtag_uart_read.o)
 .debug_aranges
                0x00000208       0x20 BSP/\libhal_bsp.a(altera_avalon_jtag_uart_write.o)
 .debug_aranges
                0x00000228       0x20 BSP/\libhal_bsp.a(altera_avalon_timer_sc.o)
 .debug_aranges
                0x00000248       0x20 BSP/\libhal_bsp.a(altera_up_avalon_character_lcd.o)
 .debug_aranges
                0x00000268       0x20 BSP/\libhal_bsp.a(altera_up_avalon_ps2.o)
 .debug_aranges
                0x00000288       0x20 BSP/\libhal_bsp.a(altera_up_avalon_rs232.o)
 .debug_aranges
                0x000002a8       0x20 BSP/\libhal_bsp.a(altera_up_avalon_video_character_buffer_with_dma.o)
 .debug_aranges
                0x000002c8       0x20 BSP/\libhal_bsp.a(altera_up_avalon_video_pixel_buffer_dma.o)
 .debug_aranges
                0x000002e8       0x20 BSP/\libhal_bsp.a(alt_alarm_start.o)
 .debug_aranges
                0x00000308       0x20 BSP/\libhal_bsp.a(alt_close.o)
 .debug_aranges
                0x00000328       0x20 BSP/\libhal_bsp.a(alt_dcache_flush_all.o)
 .debug_aranges
                0x00000348       0x20 BSP/\libhal_bsp.a(alt_dev.o)
 .debug_aranges
                0x00000368       0x20 BSP/\libhal_bsp.a(alt_dev_llist_insert.o)
 .debug_aranges
                0x00000388       0x20 BSP/\libhal_bsp.a(alt_find_dev.o)
 .debug_aranges
                0x000003a8       0x20 BSP/\libhal_bsp.a(alt_icache_flush_all.o)
 .debug_aranges
                0x000003c8       0x20 BSP/\libhal_bsp.a(alt_io_redirect.o)
 .debug_aranges
                0x000003e8       0x30 BSP/\libhal_bsp.a(alt_irq_entry.o)
 .debug_aranges
                0x00000418       0x28 BSP/\libhal_bsp.a(alt_irq_handler.o)
 .debug_aranges
                0x00000440       0x20 BSP/\libhal_bsp.a(alt_open.o)
 .debug_aranges
                0x00000460       0x20 BSP/\libhal_bsp.a(alt_release_fd.o)
 .debug_aranges
                0x00000480       0x20 BSP/\libhal_bsp.a(alt_tick.o)
 .debug_aranges
                0x000004a0       0x20 BSP/\libhal_bsp.a(altera_nios2_qsys_irq.o)
 .debug_aranges
                0x000004c0       0x38 BSP/\libhal_bsp.a(alt_exception_entry.o)
 .debug_aranges
                0x000004f8       0x20 BSP/\libhal_bsp.a(alt_find_file.o)
 .debug_aranges
                0x00000518       0x20 BSP/\libhal_bsp.a(alt_get_fd.o)
 .debug_aranges
                0x00000538       0x20 BSP/\libhal_bsp.a(alt_icache_flush.o)
 .debug_aranges
                0x00000558       0x20 c:/altera/12.1sp1/nios2eds/bin/gnu/h-i686-mingw32/bin/../lib/gcc/nios2-elf/4.1.2/../../../../nios2-elf/lib\libc.a(lib_a-exit.o)
 .debug_aranges
                0x00000578       0x20 c:/altera/12.1sp1/nios2eds/bin/gnu/h-i686-mingw32/bin/../lib/gcc/nios2-elf/4.1.2/../../../../nios2-elf/lib\libc.a(lib_a-memcmp.o)
 .debug_aranges
                0x00000598       0x20 c:/altera/12.1sp1/nios2eds/bin/gnu/h-i686-mingw32/bin/../lib/gcc/nios2-elf/4.1.2/../../../../nios2-elf/lib\libc.a(lib_a-putc.o)
 .debug_aranges
                0x000005b8       0x20 c:/altera/12.1sp1/nios2eds/bin/gnu/h-i686-mingw32/bin/../lib/gcc/nios2-elf/4.1.2/../../../../nios2-elf/lib\libc.a(lib_a-strcmp.o)
 .debug_aranges
                0x000005d8       0x20 c:/altera/12.1sp1/nios2eds/bin/gnu/h-i686-mingw32/bin/../lib/gcc/nios2-elf/4.1.2/../../../../nios2-elf/lib\libc.a(lib_a-strlen.o)
 .debug_aranges
                0x000005f8       0x20 c:/altera/12.1sp1/nios2eds/bin/gnu/h-i686-mingw32/bin/../lib/gcc/nios2-elf/4.1.2/../../../../nios2-elf/lib\libc.a(lib_a-wbuf.o)
 .debug_aranges
                0x00000618       0x20 c:/altera/12.1sp1/nios2eds/bin/gnu/h-i686-mingw32/bin/../lib/gcc/nios2-elf/4.1.2/../../../../nios2-elf/lib\libc.a(lib_a-wsetup.o)
 .debug_aranges
                0x00000638       0x20 c:/altera/12.1sp1/nios2eds/bin/gnu/h-i686-mingw32/bin/../lib/gcc/nios2-elf/4.1.2/../../../../nios2-elf/lib\libc.a(lib_a-__call_atexit.o)
 .debug_aranges
                0x00000658       0x20 c:/altera/12.1sp1/nios2eds/bin/gnu/h-i686-mingw32/bin/../lib/gcc/nios2-elf/4.1.2/../../../../nios2-elf/lib\libc.a(lib_a-fflush.o)
 .debug_aranges
                0x00000678       0x20 c:/altera/12.1sp1/nios2eds/bin/gnu/h-i686-mingw32/bin/../lib/gcc/nios2-elf/4.1.2/../../../../nios2-elf/lib\libc.a(lib_a-findfp.o)
 .debug_aranges
                0x00000698       0x20 c:/altera/12.1sp1/nios2eds/bin/gnu/h-i686-mingw32/bin/../lib/gcc/nios2-elf/4.1.2/../../../../nios2-elf/lib\libc.a(lib_a-freer.o)
 .debug_aranges
                0x000006b8       0x20 c:/altera/12.1sp1/nios2eds/bin/gnu/h-i686-mingw32/bin/../lib/gcc/nios2-elf/4.1.2/../../../../nios2-elf/lib\libc.a(lib_a-fwalk.o)
 .debug_aranges
                0x000006d8       0x20 c:/altera/12.1sp1/nios2eds/bin/gnu/h-i686-mingw32/bin/../lib/gcc/nios2-elf/4.1.2/../../../../nios2-elf/lib\libc.a(lib_a-makebuf.o)
 .debug_aranges
                0x000006f8       0x20 c:/altera/12.1sp1/nios2eds/bin/gnu/h-i686-mingw32/bin/../lib/gcc/nios2-elf/4.1.2/../../../../nios2-elf/lib\libc.a(lib_a-mallocr.o)
 .debug_aranges
                0x00000718       0x20 c:/altera/12.1sp1/nios2eds/bin/gnu/h-i686-mingw32/bin/../lib/gcc/nios2-elf/4.1.2/../../../../nios2-elf/lib\libc.a(lib_a-memset.o)
 .debug_aranges
                0x00000738       0x20 c:/altera/12.1sp1/nios2eds/bin/gnu/h-i686-mingw32/bin/../lib/gcc/nios2-elf/4.1.2/../../../../nios2-elf/lib\libc.a(lib_a-sbrkr.o)
 .debug_aranges
                0x00000758       0x20 c:/altera/12.1sp1/nios2eds/bin/gnu/h-i686-mingw32/bin/../lib/gcc/nios2-elf/4.1.2/../../../../nios2-elf/lib\libc.a(lib_a-stdio.o)
 .debug_aranges
                0x00000778       0x20 c:/altera/12.1sp1/nios2eds/bin/gnu/h-i686-mingw32/bin/../lib/gcc/nios2-elf/4.1.2/../../../../nios2-elf/lib\libc.a(lib_a-writer.o)
 .debug_aranges
                0x00000798       0x20 c:/altera/12.1sp1/nios2eds/bin/gnu/h-i686-mingw32/bin/../lib/gcc/nios2-elf/4.1.2/../../../../nios2-elf/lib\libc.a(lib_a-closer.o)
 .debug_aranges
                0x000007b8       0x20 c:/altera/12.1sp1/nios2eds/bin/gnu/h-i686-mingw32/bin/../lib/gcc/nios2-elf/4.1.2/../../../../nios2-elf/lib\libc.a(lib_a-fclose.o)
 .debug_aranges
                0x000007d8       0x20 c:/altera/12.1sp1/nios2eds/bin/gnu/h-i686-mingw32/bin/../lib/gcc/nios2-elf/4.1.2/../../../../nios2-elf/lib\libc.a(lib_a-fstatr.o)
 .debug_aranges
                0x000007f8       0x20 c:/altera/12.1sp1/nios2eds/bin/gnu/h-i686-mingw32/bin/../lib/gcc/nios2-elf/4.1.2/../../../../nios2-elf/lib\libc.a(lib_a-isattyr.o)
 .debug_aranges
                0x00000818       0x20 c:/altera/12.1sp1/nios2eds/bin/gnu/h-i686-mingw32/bin/../lib/gcc/nios2-elf/4.1.2/../../../../nios2-elf/lib\libc.a(lib_a-lseekr.o)
 .debug_aranges
                0x00000838       0x20 c:/altera/12.1sp1/nios2eds/bin/gnu/h-i686-mingw32/bin/../lib/gcc/nios2-elf/4.1.2/../../../../nios2-elf/lib\libc.a(lib_a-readr.o)
 .debug_aranges
                0x00000858       0x20 BSP/\libhal_bsp.a(alt_exit.o)
 .debug_aranges
                0x00000878       0x20 BSP/\libhal_bsp.a(alt_fstat.o)
 .debug_aranges
                0x00000898       0x20 BSP/\libhal_bsp.a(alt_isatty.o)
 .debug_aranges
                0x000008b8       0x20 BSP/\libhal_bsp.a(alt_lseek.o)
 .debug_aranges
                0x000008d8       0x20 BSP/\libhal_bsp.a(alt_malloc_lock.o)
 .debug_aranges
                0x000008f8       0x20 BSP/\libhal_bsp.a(alt_read.o)
 .debug_aranges
                0x00000918       0x20 BSP/\libhal_bsp.a(alt_sbrk.o)
 .debug_aranges
                0x00000938       0x20 BSP/\libhal_bsp.a(alt_write.o)

.debug_pubnames
                0x00000000     0x15a5
 *(.debug_pubnames)
 .debug_pubnames
                0x00000000       0x7d obj/default//H/Workspace/ARC2/TP8/graphlib.o
 .debug_pubnames
                0x0000007d       0x25 obj/default//H/Workspace/ARC2/TP8/init.o
 .debug_pubnames
                0x000000a2       0xf2 obj/default//H/Workspace/ARC2/TP8/main.o
 .debug_pubnames
                0x00000194       0x21 obj/default//H/Workspace/ARC2/TP8/mouse.o
 .debug_pubnames
                0x000001b5       0x1d c:/altera/12.1sp1/nios2eds/bin/gnu/h-i686-mingw32/bin/../lib/gcc/nios2-elf/4.1.2/../../../../nios2-elf/lib\libc.a(lib_a-memcpy.o)
 .debug_pubnames
                0x000001d2       0x27 BSP/\libhal_bsp.a(alt_irq_register.o)
 .debug_pubnames
                0x000001f9       0x3b BSP/\libhal_bsp.a(alt_irq_vars.o)
 .debug_pubnames
                0x00000234       0x1f BSP/\libhal_bsp.a(alt_load.o)
 .debug_pubnames
                0x00000253       0x46 BSP/\libhal_bsp.a(alt_main.o)
 .debug_pubnames
                0x00000299       0x21 BSP/\libhal_bsp.a(alt_printf.o)
 .debug_pubnames
                0x000002ba       0x22 BSP/\libhal_bsp.a(alt_putchar.o)
 .debug_pubnames
                0x000002dc       0x34 BSP/\libhal_bsp.a(alt_sys_init.o)
 .debug_pubnames
                0x00000310       0xa5 BSP/\libhal_bsp.a(altera_avalon_jtag_uart_fd.o)
 .debug_pubnames
                0x000003b5       0x55 BSP/\libhal_bsp.a(altera_avalon_jtag_uart_init.o)
 .debug_pubnames
                0x0000040a       0x34 BSP/\libhal_bsp.a(altera_avalon_jtag_uart_ioctl.o)
 .debug_pubnames
                0x0000043e       0x33 BSP/\libhal_bsp.a(altera_avalon_jtag_uart_read.o)
 .debug_pubnames
                0x00000471       0x34 BSP/\libhal_bsp.a(altera_avalon_jtag_uart_write.o)
 .debug_pubnames
                0x000004a5       0x2f BSP/\libhal_bsp.a(altera_avalon_timer_sc.o)
 .debug_pubnames
                0x000004d4      0x1cd BSP/\libhal_bsp.a(altera_up_avalon_character_lcd.o)
 .debug_pubnames
                0x000006a1      0x1ed BSP/\libhal_bsp.a(altera_up_avalon_ps2.o)
 .debug_pubnames
                0x0000088e      0x163 BSP/\libhal_bsp.a(altera_up_avalon_rs232.o)
 .debug_pubnames
                0x000009f1       0xa5 BSP/\libhal_bsp.a(altera_up_avalon_video_character_buffer_with_dma.o)
 .debug_pubnames
                0x00000a96      0x1f1 BSP/\libhal_bsp.a(altera_up_avalon_video_pixel_buffer_dma.o)
 .debug_pubnames
                0x00000c87       0x26 BSP/\libhal_bsp.a(alt_alarm_start.o)
 .debug_pubnames
                0x00000cad       0x1c BSP/\libhal_bsp.a(alt_close.o)
 .debug_pubnames
                0x00000cc9       0x2b BSP/\libhal_bsp.a(alt_dcache_flush_all.o)
 .debug_pubnames
                0x00000cf4       0x63 BSP/\libhal_bsp.a(alt_dev.o)
 .debug_pubnames
                0x00000d57       0x2b BSP/\libhal_bsp.a(alt_dev_llist_insert.o)
 .debug_pubnames
                0x00000d82       0x20 BSP/\libhal_bsp.a(alt_errno.o)
 .debug_pubnames
                0x00000da2       0x23 BSP/\libhal_bsp.a(alt_find_dev.o)
 .debug_pubnames
                0x00000dc5       0x2b BSP/\libhal_bsp.a(alt_icache_flush_all.o)
 .debug_pubnames
                0x00000df0       0x26 BSP/\libhal_bsp.a(alt_io_redirect.o)
 .debug_pubnames
                0x00000e16       0x32 BSP/\libhal_bsp.a(alt_irq_handler.o)
 .debug_pubnames
                0x00000e48       0x1b BSP/\libhal_bsp.a(alt_open.o)
 .debug_pubnames
                0x00000e63       0x25 BSP/\libhal_bsp.a(alt_release_fd.o)
 .debug_pubnames
                0x00000e88       0x68 BSP/\libhal_bsp.a(alt_tick.o)
 .debug_pubnames
                0x00000ef0       0x31 BSP/\libhal_bsp.a(altera_nios2_qsys_irq.o)
 .debug_pubnames
                0x00000f21       0x24 BSP/\libhal_bsp.a(alt_find_file.o)
 .debug_pubnames
                0x00000f45       0x21 BSP/\libhal_bsp.a(alt_get_fd.o)
 .debug_pubnames
                0x00000f66       0x27 BSP/\libhal_bsp.a(alt_icache_flush.o)
 .debug_pubnames
                0x00000f8d       0x1b c:/altera/12.1sp1/nios2eds/bin/gnu/h-i686-mingw32/bin/../lib/gcc/nios2-elf/4.1.2/../../../../nios2-elf/lib\libc.a(lib_a-exit.o)
 .debug_pubnames
                0x00000fa8       0x39 c:/altera/12.1sp1/nios2eds/bin/gnu/h-i686-mingw32/bin/../lib/gcc/nios2-elf/4.1.2/../../../../nios2-elf/lib\libc.a(lib_a-impure.o)
 .debug_pubnames
                0x00000fe1       0x1c c:/altera/12.1sp1/nios2eds/bin/gnu/h-i686-mingw32/bin/../lib/gcc/nios2-elf/4.1.2/../../../../nios2-elf/lib\libc.a(lib_a-int_errno.o)
 .debug_pubnames
                0x00000ffd       0x1d c:/altera/12.1sp1/nios2eds/bin/gnu/h-i686-mingw32/bin/../lib/gcc/nios2-elf/4.1.2/../../../../nios2-elf/lib\libc.a(lib_a-memcmp.o)
 .debug_pubnames
                0x0000101a       0x27 c:/altera/12.1sp1/nios2eds/bin/gnu/h-i686-mingw32/bin/../lib/gcc/nios2-elf/4.1.2/../../../../nios2-elf/lib\libc.a(lib_a-putc.o)
 .debug_pubnames
                0x00001041       0x1d c:/altera/12.1sp1/nios2eds/bin/gnu/h-i686-mingw32/bin/../lib/gcc/nios2-elf/4.1.2/../../../../nios2-elf/lib\libc.a(lib_a-strcmp.o)
 .debug_pubnames
                0x0000105e       0x1d c:/altera/12.1sp1/nios2eds/bin/gnu/h-i686-mingw32/bin/../lib/gcc/nios2-elf/4.1.2/../../../../nios2-elf/lib\libc.a(lib_a-strlen.o)
 .debug_pubnames
                0x0000107b       0x2c c:/altera/12.1sp1/nios2eds/bin/gnu/h-i686-mingw32/bin/../lib/gcc/nios2-elf/4.1.2/../../../../nios2-elf/lib\libc.a(lib_a-wbuf.o)
 .debug_pubnames
                0x000010a7       0x22 c:/altera/12.1sp1/nios2eds/bin/gnu/h-i686-mingw32/bin/../lib/gcc/nios2-elf/4.1.2/../../../../nios2-elf/lib\libc.a(lib_a-wsetup.o)
 .debug_pubnames
                0x000010c9       0x27 c:/altera/12.1sp1/nios2eds/bin/gnu/h-i686-mingw32/bin/../lib/gcc/nios2-elf/4.1.2/../../../../nios2-elf/lib\libc.a(lib_a-__call_atexit.o)
 .debug_pubnames
                0x000010f0       0x2b c:/altera/12.1sp1/nios2eds/bin/gnu/h-i686-mingw32/bin/../lib/gcc/nios2-elf/4.1.2/../../../../nios2-elf/lib\libc.a(lib_a-fflush.o)
 .debug_pubnames
                0x0000111b       0xdb c:/altera/12.1sp1/nios2eds/bin/gnu/h-i686-mingw32/bin/../lib/gcc/nios2-elf/4.1.2/../../../../nios2-elf/lib\libc.a(lib_a-findfp.o)
 .debug_pubnames
                0x000011f6       0x31 c:/altera/12.1sp1/nios2eds/bin/gnu/h-i686-mingw32/bin/../lib/gcc/nios2-elf/4.1.2/../../../../nios2-elf/lib\libc.a(lib_a-freer.o)
 .debug_pubnames
                0x00001227       0x2e c:/altera/12.1sp1/nios2eds/bin/gnu/h-i686-mingw32/bin/../lib/gcc/nios2-elf/4.1.2/../../../../nios2-elf/lib\libc.a(lib_a-fwalk.o)
 .debug_pubnames
                0x00001255       0x23 c:/altera/12.1sp1/nios2eds/bin/gnu/h-i686-mingw32/bin/../lib/gcc/nios2-elf/4.1.2/../../../../nios2-elf/lib\libc.a(lib_a-makebuf.o)
 .debug_pubnames
                0x00001278       0xce c:/altera/12.1sp1/nios2eds/bin/gnu/h-i686-mingw32/bin/../lib/gcc/nios2-elf/4.1.2/../../../../nios2-elf/lib\libc.a(lib_a-mallocr.o)
 .debug_pubnames
                0x00001346       0x1d c:/altera/12.1sp1/nios2eds/bin/gnu/h-i686-mingw32/bin/../lib/gcc/nios2-elf/4.1.2/../../../../nios2-elf/lib\libc.a(lib_a-memset.o)
 .debug_pubnames
                0x00001363       0x1e c:/altera/12.1sp1/nios2eds/bin/gnu/h-i686-mingw32/bin/../lib/gcc/nios2-elf/4.1.2/../../../../nios2-elf/lib\libc.a(lib_a-sbrkr.o)
 .debug_pubnames
                0x00001381       0x44 c:/altera/12.1sp1/nios2eds/bin/gnu/h-i686-mingw32/bin/../lib/gcc/nios2-elf/4.1.2/../../../../nios2-elf/lib\libc.a(lib_a-stdio.o)
 .debug_pubnames
                0x000013c5       0x1f c:/altera/12.1sp1/nios2eds/bin/gnu/h-i686-mingw32/bin/../lib/gcc/nios2-elf/4.1.2/../../../../nios2-elf/lib\libc.a(lib_a-writer.o)
 .debug_pubnames
                0x000013e4       0x1f c:/altera/12.1sp1/nios2eds/bin/gnu/h-i686-mingw32/bin/../lib/gcc/nios2-elf/4.1.2/../../../../nios2-elf/lib\libc.a(lib_a-closer.o)
 .debug_pubnames
                0x00001403       0x2b c:/altera/12.1sp1/nios2eds/bin/gnu/h-i686-mingw32/bin/../lib/gcc/nios2-elf/4.1.2/../../../../nios2-elf/lib\libc.a(lib_a-fclose.o)
 .debug_pubnames
                0x0000142e       0x1f c:/altera/12.1sp1/nios2eds/bin/gnu/h-i686-mingw32/bin/../lib/gcc/nios2-elf/4.1.2/../../../../nios2-elf/lib\libc.a(lib_a-fstatr.o)
 .debug_pubnames
                0x0000144d       0x20 c:/altera/12.1sp1/nios2eds/bin/gnu/h-i686-mingw32/bin/../lib/gcc/nios2-elf/4.1.2/../../../../nios2-elf/lib\libc.a(lib_a-isattyr.o)
 .debug_pubnames
                0x0000146d       0x1f c:/altera/12.1sp1/nios2eds/bin/gnu/h-i686-mingw32/bin/../lib/gcc/nios2-elf/4.1.2/../../../../nios2-elf/lib\libc.a(lib_a-lseekr.o)
 .debug_pubnames
                0x0000148c       0x1e c:/altera/12.1sp1/nios2eds/bin/gnu/h-i686-mingw32/bin/../lib/gcc/nios2-elf/4.1.2/../../../../nios2-elf/lib\libc.a(lib_a-readr.o)
 .debug_pubnames
                0x000014aa       0x1c BSP/\libhal_bsp.a(alt_exit.o)
 .debug_pubnames
                0x000014c6       0x1c BSP/\libhal_bsp.a(alt_fstat.o)
 .debug_pubnames
                0x000014e2       0x1d BSP/\libhal_bsp.a(alt_isatty.o)
 .debug_pubnames
                0x000014ff       0x1c BSP/\libhal_bsp.a(alt_lseek.o)
 .debug_pubnames
                0x0000151b       0x38 BSP/\libhal_bsp.a(alt_malloc_lock.o)
 .debug_pubnames
                0x00001553       0x1b BSP/\libhal_bsp.a(alt_read.o)
 .debug_pubnames
                0x0000156e       0x1b BSP/\libhal_bsp.a(alt_sbrk.o)
 .debug_pubnames
                0x00001589       0x1c BSP/\libhal_bsp.a(alt_write.o)

.debug_info     0x00000000    0x18e03
 *(.debug_info .gnu.linkonce.wi.*)
 .debug_info    0x00000000       0x4f BSP//obj/HAL/src/crt0.o
 .debug_info    0x0000004f      0x51a obj/default//H/Workspace/ARC2/TP8/graphlib.o
 .debug_info    0x00000569      0x35b obj/default//H/Workspace/ARC2/TP8/init.o
 .debug_info    0x000008c4      0x3ab obj/default//H/Workspace/ARC2/TP8/main.o
 .debug_info    0x00000c6f      0x394 obj/default//H/Workspace/ARC2/TP8/mouse.o
 .debug_info    0x00001003      0x106 c:/altera/12.1sp1/nios2eds/bin/gnu/h-i686-mingw32/bin/../lib/gcc/nios2-elf/4.1.2/../../../../nios2-elf/lib\libc.a(lib_a-memcpy.o)
 .debug_info    0x00001109      0x318 BSP/\libhal_bsp.a(alt_irq_register.o)
 .debug_info    0x00001421       0x92 BSP/\libhal_bsp.a(alt_irq_vars.o)
 .debug_info    0x000014b3      0x1a1 BSP/\libhal_bsp.a(alt_load.o)
 .debug_info    0x00001654      0x161 BSP/\libhal_bsp.a(alt_main.o)
 .debug_info    0x000017b5      0x11d BSP/\libhal_bsp.a(alt_printf.o)
 .debug_info    0x000018d2      0x93c BSP/\libhal_bsp.a(alt_putchar.o)
 .debug_info    0x0000220e      0xaf8 BSP/\libhal_bsp.a(alt_sys_init.o)
 .debug_info    0x00002d06      0x584 BSP/\libhal_bsp.a(altera_avalon_jtag_uart_fd.o)
 .debug_info    0x0000328a      0x3dd BSP/\libhal_bsp.a(altera_avalon_jtag_uart_init.o)
 .debug_info    0x00003667      0x2a3 BSP/\libhal_bsp.a(altera_avalon_jtag_uart_ioctl.o)
 .debug_info    0x0000390a      0x38b BSP/\libhal_bsp.a(altera_avalon_jtag_uart_read.o)
 .debug_info    0x00003c95      0x378 BSP/\libhal_bsp.a(altera_avalon_jtag_uart_write.o)
 .debug_info    0x0000400d      0x24d BSP/\libhal_bsp.a(altera_avalon_timer_sc.o)
 .debug_info    0x0000425a      0x653 BSP/\libhal_bsp.a(altera_up_avalon_character_lcd.o)
 .debug_info    0x000048ad      0x814 BSP/\libhal_bsp.a(altera_up_avalon_ps2.o)
 .debug_info    0x000050c1      0x5aa BSP/\libhal_bsp.a(altera_up_avalon_rs232.o)
 .debug_info    0x0000566b      0x4a0 BSP/\libhal_bsp.a(altera_up_avalon_video_character_buffer_with_dma.o)
 .debug_info    0x00005b0b      0xb54 BSP/\libhal_bsp.a(altera_up_avalon_video_pixel_buffer_dma.o)
 .debug_info    0x0000665f      0x2e0 BSP/\libhal_bsp.a(alt_alarm_start.o)
 .debug_info    0x0000693f      0x364 BSP/\libhal_bsp.a(alt_close.o)
 .debug_info    0x00006ca3       0x8d BSP/\libhal_bsp.a(alt_dcache_flush_all.o)
 .debug_info    0x00006d30      0x4dd BSP/\libhal_bsp.a(alt_dev.o)
 .debug_info    0x0000720d      0x1b7 BSP/\libhal_bsp.a(alt_dev_llist_insert.o)
 .debug_info    0x000073c4       0xab BSP/\libhal_bsp.a(alt_errno.o)
 .debug_info    0x0000746f      0x310 BSP/\libhal_bsp.a(alt_find_dev.o)
 .debug_info    0x0000777f       0x8f BSP/\libhal_bsp.a(alt_icache_flush_all.o)
 .debug_info    0x0000780e      0x4f6 BSP/\libhal_bsp.a(alt_io_redirect.o)
 .debug_info    0x00007d04       0x58 BSP/\libhal_bsp.a(alt_irq_entry.o)
 .debug_info    0x00007d5c      0x18f BSP/\libhal_bsp.a(alt_irq_handler.o)
 .debug_info    0x00007eeb      0x40c BSP/\libhal_bsp.a(alt_open.o)
 .debug_info    0x000082f7      0x2d9 BSP/\libhal_bsp.a(alt_release_fd.o)
 .debug_info    0x000085d0      0x2bb BSP/\libhal_bsp.a(alt_tick.o)
 .debug_info    0x0000888b       0xb7 BSP/\libhal_bsp.a(altera_nios2_qsys_irq.o)
 .debug_info    0x00008942       0x5e BSP/\libhal_bsp.a(alt_exception_entry.o)
 .debug_info    0x000089a0      0x30e BSP/\libhal_bsp.a(alt_find_file.o)
 .debug_info    0x00008cae      0x333 BSP/\libhal_bsp.a(alt_get_fd.o)
 .debug_info    0x00008fe1       0xd5 BSP/\libhal_bsp.a(alt_icache_flush.o)
 .debug_info    0x000090b6      0x93f c:/altera/12.1sp1/nios2eds/bin/gnu/h-i686-mingw32/bin/../lib/gcc/nios2-elf/4.1.2/../../../../nios2-elf/lib\libc.a(lib_a-exit.o)
 .debug_info    0x000099f5      0x93d c:/altera/12.1sp1/nios2eds/bin/gnu/h-i686-mingw32/bin/../lib/gcc/nios2-elf/4.1.2/../../../../nios2-elf/lib\libc.a(lib_a-impure.o)
 .debug_info    0x0000a332       0x8c c:/altera/12.1sp1/nios2eds/bin/gnu/h-i686-mingw32/bin/../lib/gcc/nios2-elf/4.1.2/../../../../nios2-elf/lib\libc.a(lib_a-int_errno.o)
 .debug_info    0x0000a3be      0x115 c:/altera/12.1sp1/nios2eds/bin/gnu/h-i686-mingw32/bin/../lib/gcc/nios2-elf/4.1.2/../../../../nios2-elf/lib\libc.a(lib_a-memcmp.o)
 .debug_info    0x0000a4d3      0x9c1 c:/altera/12.1sp1/nios2eds/bin/gnu/h-i686-mingw32/bin/../lib/gcc/nios2-elf/4.1.2/../../../../nios2-elf/lib\libc.a(lib_a-putc.o)
 .debug_info    0x0000ae94       0xdd c:/altera/12.1sp1/nios2eds/bin/gnu/h-i686-mingw32/bin/../lib/gcc/nios2-elf/4.1.2/../../../../nios2-elf/lib\libc.a(lib_a-strcmp.o)
 .debug_info    0x0000af71       0xdb c:/altera/12.1sp1/nios2eds/bin/gnu/h-i686-mingw32/bin/../lib/gcc/nios2-elf/4.1.2/../../../../nios2-elf/lib\libc.a(lib_a-strlen.o)
 .debug_info    0x0000b04c      0x9ae c:/altera/12.1sp1/nios2eds/bin/gnu/h-i686-mingw32/bin/../lib/gcc/nios2-elf/4.1.2/../../../../nios2-elf/lib\libc.a(lib_a-wbuf.o)
 .debug_info    0x0000b9fa      0x95d c:/altera/12.1sp1/nios2eds/bin/gnu/h-i686-mingw32/bin/../lib/gcc/nios2-elf/4.1.2/../../../../nios2-elf/lib\libc.a(lib_a-wsetup.o)
 .debug_info    0x0000c357      0x9e2 c:/altera/12.1sp1/nios2eds/bin/gnu/h-i686-mingw32/bin/../lib/gcc/nios2-elf/4.1.2/../../../../nios2-elf/lib\libc.a(lib_a-__call_atexit.o)
 .debug_info    0x0000cd39      0x9fe c:/altera/12.1sp1/nios2eds/bin/gnu/h-i686-mingw32/bin/../lib/gcc/nios2-elf/4.1.2/../../../../nios2-elf/lib\libc.a(lib_a-fflush.o)
 .debug_info    0x0000d737      0xb72 c:/altera/12.1sp1/nios2eds/bin/gnu/h-i686-mingw32/bin/../lib/gcc/nios2-elf/4.1.2/../../../../nios2-elf/lib\libc.a(lib_a-findfp.o)
 .debug_info    0x0000e2a9      0xbc9 c:/altera/12.1sp1/nios2eds/bin/gnu/h-i686-mingw32/bin/../lib/gcc/nios2-elf/4.1.2/../../../../nios2-elf/lib\libc.a(lib_a-freer.o)
 .debug_info    0x0000ee72      0xaed c:/altera/12.1sp1/nios2eds/bin/gnu/h-i686-mingw32/bin/../lib/gcc/nios2-elf/4.1.2/../../../../nios2-elf/lib\libc.a(lib_a-fwalk.o)
 .debug_info    0x0000f95f      0xb1a c:/altera/12.1sp1/nios2eds/bin/gnu/h-i686-mingw32/bin/../lib/gcc/nios2-elf/4.1.2/../../../../nios2-elf/lib\libc.a(lib_a-makebuf.o)
 .debug_info    0x00010479      0xcd0 c:/altera/12.1sp1/nios2eds/bin/gnu/h-i686-mingw32/bin/../lib/gcc/nios2-elf/4.1.2/../../../../nios2-elf/lib\libc.a(lib_a-mallocr.o)
 .debug_info    0x00011149      0x113 c:/altera/12.1sp1/nios2eds/bin/gnu/h-i686-mingw32/bin/../lib/gcc/nios2-elf/4.1.2/../../../../nios2-elf/lib\libc.a(lib_a-memset.o)
 .debug_info    0x0001125c      0x962 c:/altera/12.1sp1/nios2eds/bin/gnu/h-i686-mingw32/bin/../lib/gcc/nios2-elf/4.1.2/../../../../nios2-elf/lib\libc.a(lib_a-sbrkr.o)
 .debug_info    0x00011bbe      0xaac c:/altera/12.1sp1/nios2eds/bin/gnu/h-i686-mingw32/bin/../lib/gcc/nios2-elf/4.1.2/../../../../nios2-elf/lib\libc.a(lib_a-stdio.o)
 .debug_info    0x0001266a      0x993 c:/altera/12.1sp1/nios2eds/bin/gnu/h-i686-mingw32/bin/../lib/gcc/nios2-elf/4.1.2/../../../../nios2-elf/lib\libc.a(lib_a-writer.o)
 .debug_info    0x00012ffd      0x958 c:/altera/12.1sp1/nios2eds/bin/gnu/h-i686-mingw32/bin/../lib/gcc/nios2-elf/4.1.2/../../../../nios2-elf/lib\libc.a(lib_a-closer.o)
 .debug_info    0x00013955      0x994 c:/altera/12.1sp1/nios2eds/bin/gnu/h-i686-mingw32/bin/../lib/gcc/nios2-elf/4.1.2/../../../../nios2-elf/lib\libc.a(lib_a-fclose.o)
 .debug_info    0x000142e9      0xafc c:/altera/12.1sp1/nios2eds/bin/gnu/h-i686-mingw32/bin/../lib/gcc/nios2-elf/4.1.2/../../../../nios2-elf/lib\libc.a(lib_a-fstatr.o)
 .debug_info    0x00014de5      0x958 c:/altera/12.1sp1/nios2eds/bin/gnu/h-i686-mingw32/bin/../lib/gcc/nios2-elf/4.1.2/../../../../nios2-elf/lib\libc.a(lib_a-isattyr.o)
 .debug_info    0x0001573d      0x981 c:/altera/12.1sp1/nios2eds/bin/gnu/h-i686-mingw32/bin/../lib/gcc/nios2-elf/4.1.2/../../../../nios2-elf/lib\libc.a(lib_a-lseekr.o)
 .debug_info    0x000160be      0x98c c:/altera/12.1sp1/nios2eds/bin/gnu/h-i686-mingw32/bin/../lib/gcc/nios2-elf/4.1.2/../../../../nios2-elf/lib\libc.a(lib_a-readr.o)
 .debug_info    0x00016a4a      0x110 BSP/\libhal_bsp.a(alt_exit.o)
 .debug_info    0x00016b5a      0x4dd BSP/\libhal_bsp.a(alt_fstat.o)
 .debug_info    0x00017037      0x4dd BSP/\libhal_bsp.a(alt_isatty.o)
 .debug_info    0x00017514      0x388 BSP/\libhal_bsp.a(alt_lseek.o)
 .debug_info    0x0001789c      0x947 BSP/\libhal_bsp.a(alt_malloc_lock.o)
 .debug_info    0x000181e3      0x525 BSP/\libhal_bsp.a(alt_read.o)
 .debug_info    0x00018708      0x1cf BSP/\libhal_bsp.a(alt_sbrk.o)
 .debug_info    0x000188d7      0x52c BSP/\libhal_bsp.a(alt_write.o)

.debug_abbrev   0x00000000     0x5ad4
 *(.debug_abbrev)
 .debug_abbrev  0x00000000       0x12 BSP//obj/HAL/src/crt0.o
 .debug_abbrev  0x00000012      0x159 obj/default//H/Workspace/ARC2/TP8/graphlib.o
 .debug_abbrev  0x0000016b       0xe1 obj/default//H/Workspace/ARC2/TP8/init.o
 .debug_abbrev  0x0000024c      0x18e obj/default//H/Workspace/ARC2/TP8/main.o
 .debug_abbrev  0x000003da       0xf9 obj/default//H/Workspace/ARC2/TP8/mouse.o
 .debug_abbrev  0x000004d3       0xb5 c:/altera/12.1sp1/nios2eds/bin/gnu/h-i686-mingw32/bin/../lib/gcc/nios2-elf/4.1.2/../../../../nios2-elf/lib\libc.a(lib_a-memcpy.o)
 .debug_abbrev  0x00000588      0x1a8 BSP/\libhal_bsp.a(alt_irq_register.o)
 .debug_abbrev  0x00000730       0x44 BSP/\libhal_bsp.a(alt_irq_vars.o)
 .debug_abbrev  0x00000774       0xb6 BSP/\libhal_bsp.a(alt_load.o)
 .debug_abbrev  0x0000082a       0xbe BSP/\libhal_bsp.a(alt_main.o)
 .debug_abbrev  0x000008e8       0xc7 BSP/\libhal_bsp.a(alt_printf.o)
 .debug_abbrev  0x000009af      0x170 BSP/\libhal_bsp.a(alt_putchar.o)
 .debug_abbrev  0x00000b1f      0x1a7 BSP/\libhal_bsp.a(alt_sys_init.o)
 .debug_abbrev  0x00000cc6      0x113 BSP/\libhal_bsp.a(altera_avalon_jtag_uart_fd.o)
 .debug_abbrev  0x00000dd9      0x198 BSP/\libhal_bsp.a(altera_avalon_jtag_uart_init.o)
 .debug_abbrev  0x00000f71      0x10c BSP/\libhal_bsp.a(altera_avalon_jtag_uart_ioctl.o)
 .debug_abbrev  0x0000107d      0x194 BSP/\libhal_bsp.a(altera_avalon_jtag_uart_read.o)
 .debug_abbrev  0x00001211      0x18c BSP/\libhal_bsp.a(altera_avalon_jtag_uart_write.o)
 .debug_abbrev  0x0000139d      0x14b BSP/\libhal_bsp.a(altera_avalon_timer_sc.o)
 .debug_abbrev  0x000014e8      0x182 BSP/\libhal_bsp.a(altera_up_avalon_character_lcd.o)
 .debug_abbrev  0x0000166a      0x1c6 BSP/\libhal_bsp.a(altera_up_avalon_ps2.o)
 .debug_abbrev  0x00001830      0x155 BSP/\libhal_bsp.a(altera_up_avalon_rs232.o)
 .debug_abbrev  0x00001985      0x164 BSP/\libhal_bsp.a(altera_up_avalon_video_character_buffer_with_dma.o)
 .debug_abbrev  0x00001ae9      0x23a BSP/\libhal_bsp.a(altera_up_avalon_video_pixel_buffer_dma.o)
 .debug_abbrev  0x00001d23      0x179 BSP/\libhal_bsp.a(alt_alarm_start.o)
 .debug_abbrev  0x00001e9c      0x124 BSP/\libhal_bsp.a(alt_close.o)
 .debug_abbrev  0x00001fc0       0x3f BSP/\libhal_bsp.a(alt_dcache_flush_all.o)
 .debug_abbrev  0x00001fff       0xd6 BSP/\libhal_bsp.a(alt_dev.o)
 .debug_abbrev  0x000020d5      0x117 BSP/\libhal_bsp.a(alt_dev_llist_insert.o)
 .debug_abbrev  0x000021ec       0x5e BSP/\libhal_bsp.a(alt_errno.o)
 .debug_abbrev  0x0000224a       0xed BSP/\libhal_bsp.a(alt_find_dev.o)
 .debug_abbrev  0x00002337       0x3f BSP/\libhal_bsp.a(alt_icache_flush_all.o)
 .debug_abbrev  0x00002376      0x10e BSP/\libhal_bsp.a(alt_io_redirect.o)
 .debug_abbrev  0x00002484       0x12 BSP/\libhal_bsp.a(alt_irq_entry.o)
 .debug_abbrev  0x00002496      0x12f BSP/\libhal_bsp.a(alt_irq_handler.o)
 .debug_abbrev  0x000025c5      0x177 BSP/\libhal_bsp.a(alt_open.o)
 .debug_abbrev  0x0000273c       0xdb BSP/\libhal_bsp.a(alt_release_fd.o)
 .debug_abbrev  0x00002817      0x170 BSP/\libhal_bsp.a(alt_tick.o)
 .debug_abbrev  0x00002987       0x64 BSP/\libhal_bsp.a(altera_nios2_qsys_irq.o)
 .debug_abbrev  0x000029eb       0x12 BSP/\libhal_bsp.a(alt_exception_entry.o)
 .debug_abbrev  0x000029fd       0xed BSP/\libhal_bsp.a(alt_find_file.o)
 .debug_abbrev  0x00002aea      0x108 BSP/\libhal_bsp.a(alt_get_fd.o)
 .debug_abbrev  0x00002bf2       0x89 BSP/\libhal_bsp.a(alt_icache_flush.o)
 .debug_abbrev  0x00002c7b      0x16e c:/altera/12.1sp1/nios2eds/bin/gnu/h-i686-mingw32/bin/../lib/gcc/nios2-elf/4.1.2/../../../../nios2-elf/lib\libc.a(lib_a-exit.o)
 .debug_abbrev  0x00002de9      0x157 c:/altera/12.1sp1/nios2eds/bin/gnu/h-i686-mingw32/bin/../lib/gcc/nios2-elf/4.1.2/../../../../nios2-elf/lib\libc.a(lib_a-impure.o)
 .debug_abbrev  0x00002f40       0x3b c:/altera/12.1sp1/nios2eds/bin/gnu/h-i686-mingw32/bin/../lib/gcc/nios2-elf/4.1.2/../../../../nios2-elf/lib\libc.a(lib_a-int_errno.o)
 .debug_abbrev  0x00002f7b       0x7c c:/altera/12.1sp1/nios2eds/bin/gnu/h-i686-mingw32/bin/../lib/gcc/nios2-elf/4.1.2/../../../../nios2-elf/lib\libc.a(lib_a-memcmp.o)
 .debug_abbrev  0x00002ff7      0x17f c:/altera/12.1sp1/nios2eds/bin/gnu/h-i686-mingw32/bin/../lib/gcc/nios2-elf/4.1.2/../../../../nios2-elf/lib\libc.a(lib_a-putc.o)
 .debug_abbrev  0x00003176       0x80 c:/altera/12.1sp1/nios2eds/bin/gnu/h-i686-mingw32/bin/../lib/gcc/nios2-elf/4.1.2/../../../../nios2-elf/lib\libc.a(lib_a-strcmp.o)
 .debug_abbrev  0x000031f6       0x8b c:/altera/12.1sp1/nios2eds/bin/gnu/h-i686-mingw32/bin/../lib/gcc/nios2-elf/4.1.2/../../../../nios2-elf/lib\libc.a(lib_a-strlen.o)
 .debug_abbrev  0x00003281      0x198 c:/altera/12.1sp1/nios2eds/bin/gnu/h-i686-mingw32/bin/../lib/gcc/nios2-elf/4.1.2/../../../../nios2-elf/lib\libc.a(lib_a-wbuf.o)
 .debug_abbrev  0x00003419      0x170 c:/altera/12.1sp1/nios2eds/bin/gnu/h-i686-mingw32/bin/../lib/gcc/nios2-elf/4.1.2/../../../../nios2-elf/lib\libc.a(lib_a-wsetup.o)
 .debug_abbrev  0x00003589      0x1de c:/altera/12.1sp1/nios2eds/bin/gnu/h-i686-mingw32/bin/../lib/gcc/nios2-elf/4.1.2/../../../../nios2-elf/lib\libc.a(lib_a-__call_atexit.o)
 .debug_abbrev  0x00003767      0x1c6 c:/altera/12.1sp1/nios2eds/bin/gnu/h-i686-mingw32/bin/../lib/gcc/nios2-elf/4.1.2/../../../../nios2-elf/lib\libc.a(lib_a-fflush.o)
 .debug_abbrev  0x0000392d      0x24c c:/altera/12.1sp1/nios2eds/bin/gnu/h-i686-mingw32/bin/../lib/gcc/nios2-elf/4.1.2/../../../../nios2-elf/lib\libc.a(lib_a-findfp.o)
 .debug_abbrev  0x00003b79      0x1d9 c:/altera/12.1sp1/nios2eds/bin/gnu/h-i686-mingw32/bin/../lib/gcc/nios2-elf/4.1.2/../../../../nios2-elf/lib\libc.a(lib_a-freer.o)
 .debug_abbrev  0x00003d52      0x1e3 c:/altera/12.1sp1/nios2eds/bin/gnu/h-i686-mingw32/bin/../lib/gcc/nios2-elf/4.1.2/../../../../nios2-elf/lib\libc.a(lib_a-fwalk.o)
 .debug_abbrev  0x00003f35      0x197 c:/altera/12.1sp1/nios2eds/bin/gnu/h-i686-mingw32/bin/../lib/gcc/nios2-elf/4.1.2/../../../../nios2-elf/lib\libc.a(lib_a-makebuf.o)
 .debug_abbrev  0x000040cc      0x216 c:/altera/12.1sp1/nios2eds/bin/gnu/h-i686-mingw32/bin/../lib/gcc/nios2-elf/4.1.2/../../../../nios2-elf/lib\libc.a(lib_a-mallocr.o)
 .debug_abbrev  0x000042e2       0xb8 c:/altera/12.1sp1/nios2eds/bin/gnu/h-i686-mingw32/bin/../lib/gcc/nios2-elf/4.1.2/../../../../nios2-elf/lib\libc.a(lib_a-memset.o)
 .debug_abbrev  0x0000439a      0x18c c:/altera/12.1sp1/nios2eds/bin/gnu/h-i686-mingw32/bin/../lib/gcc/nios2-elf/4.1.2/../../../../nios2-elf/lib\libc.a(lib_a-sbrkr.o)
 .debug_abbrev  0x00004526      0x1c9 c:/altera/12.1sp1/nios2eds/bin/gnu/h-i686-mingw32/bin/../lib/gcc/nios2-elf/4.1.2/../../../../nios2-elf/lib\libc.a(lib_a-stdio.o)
 .debug_abbrev  0x000046ef      0x184 c:/altera/12.1sp1/nios2eds/bin/gnu/h-i686-mingw32/bin/../lib/gcc/nios2-elf/4.1.2/../../../../nios2-elf/lib\libc.a(lib_a-writer.o)
 .debug_abbrev  0x00004873      0x17f c:/altera/12.1sp1/nios2eds/bin/gnu/h-i686-mingw32/bin/../lib/gcc/nios2-elf/4.1.2/../../../../nios2-elf/lib\libc.a(lib_a-closer.o)
 .debug_abbrev  0x000049f2      0x1a7 c:/altera/12.1sp1/nios2eds/bin/gnu/h-i686-mingw32/bin/../lib/gcc/nios2-elf/4.1.2/../../../../nios2-elf/lib\libc.a(lib_a-fclose.o)
 .debug_abbrev  0x00004b99      0x18e c:/altera/12.1sp1/nios2eds/bin/gnu/h-i686-mingw32/bin/../lib/gcc/nios2-elf/4.1.2/../../../../nios2-elf/lib\libc.a(lib_a-fstatr.o)
 .debug_abbrev  0x00004d27      0x17f c:/altera/12.1sp1/nios2eds/bin/gnu/h-i686-mingw32/bin/../lib/gcc/nios2-elf/4.1.2/../../../../nios2-elf/lib\libc.a(lib_a-isattyr.o)
 .debug_abbrev  0x00004ea6      0x18e c:/altera/12.1sp1/nios2eds/bin/gnu/h-i686-mingw32/bin/../lib/gcc/nios2-elf/4.1.2/../../../../nios2-elf/lib\libc.a(lib_a-lseekr.o)
 .debug_abbrev  0x00005034      0x17f c:/altera/12.1sp1/nios2eds/bin/gnu/h-i686-mingw32/bin/../lib/gcc/nios2-elf/4.1.2/../../../../nios2-elf/lib\libc.a(lib_a-readr.o)
 .debug_abbrev  0x000051b3       0xc6 BSP/\libhal_bsp.a(alt_exit.o)
 .debug_abbrev  0x00005279      0x124 BSP/\libhal_bsp.a(alt_fstat.o)
 .debug_abbrev  0x0000539d      0x124 BSP/\libhal_bsp.a(alt_isatty.o)
 .debug_abbrev  0x000054c1      0x124 BSP/\libhal_bsp.a(alt_lseek.o)
 .debug_abbrev  0x000055e5      0x172 BSP/\libhal_bsp.a(alt_malloc_lock.o)
 .debug_abbrev  0x00005757      0x133 BSP/\libhal_bsp.a(alt_read.o)
 .debug_abbrev  0x0000588a      0x112 BSP/\libhal_bsp.a(alt_sbrk.o)
 .debug_abbrev  0x0000599c      0x138 BSP/\libhal_bsp.a(alt_write.o)

.debug_line     0x00000000     0xdb5f
 *(.debug_line)
 .debug_line    0x00000000       0x6c BSP//obj/HAL/src/crt0.o
 .debug_line    0x0000006c      0x377 obj/default//H/Workspace/ARC2/TP8/graphlib.o
 .debug_line    0x000003e3      0x26a obj/default//H/Workspace/ARC2/TP8/init.o
 .debug_line    0x0000064d      0x438 obj/default//H/Workspace/ARC2/TP8/main.o
 .debug_line    0x00000a85      0x2e1 obj/default//H/Workspace/ARC2/TP8/mouse.o
 .debug_line    0x00000d66      0x1ac c:/altera/12.1sp1/nios2eds/bin/gnu/h-i686-mingw32/bin/../lib/gcc/nios2-elf/4.1.2/../../../../nios2-elf/lib\libc.a(lib_a-memcpy.o)
 .debug_line    0x00000f12      0x28c BSP/\libhal_bsp.a(alt_irq_register.o)
 .debug_line    0x0000119e       0x72 BSP/\libhal_bsp.a(alt_irq_vars.o)
 .debug_line    0x00001210      0x273 BSP/\libhal_bsp.a(alt_load.o)
 .debug_line    0x00001483      0x2ce BSP/\libhal_bsp.a(alt_main.o)
 .debug_line    0x00001751      0x1ca BSP/\libhal_bsp.a(alt_printf.o)
 .debug_line    0x0000191b      0x1ca BSP/\libhal_bsp.a(alt_putchar.o)
 .debug_line    0x00001ae5      0x454 BSP/\libhal_bsp.a(alt_sys_init.o)
 .debug_line    0x00001f39      0x1fd BSP/\libhal_bsp.a(altera_avalon_jtag_uart_fd.o)
 .debug_line    0x00002136      0x46e BSP/\libhal_bsp.a(altera_avalon_jtag_uart_init.o)
 .debug_line    0x000025a4      0x2e7 BSP/\libhal_bsp.a(altera_avalon_jtag_uart_ioctl.o)
 .debug_line    0x0000288b      0x3ec BSP/\libhal_bsp.a(altera_avalon_jtag_uart_read.o)
 .debug_line    0x00002c77      0x415 BSP/\libhal_bsp.a(altera_avalon_jtag_uart_write.o)
 .debug_line    0x0000308c      0x2b4 BSP/\libhal_bsp.a(altera_avalon_timer_sc.o)
 .debug_line    0x00003340      0x43c BSP/\libhal_bsp.a(altera_up_avalon_character_lcd.o)
 .debug_line    0x0000377c      0x4d0 BSP/\libhal_bsp.a(altera_up_avalon_ps2.o)
 .debug_line    0x00003c4c      0x382 BSP/\libhal_bsp.a(altera_up_avalon_rs232.o)